13:06:54 **** Incremental Build of configuration Debug for project APP6_2019 ****
make all 
'Building file: ../src/cyclone_tcp/main.c'
'Invoking: MicroBlaze gcc compiler'
mb-gcc -Wall -O0 -g3 -I"C:\Users\jbm\Desktop\S4e-APP6-Vivado_2019\APP6\APP6.sdk\APP6_2019\src\cyclone_tcp" -I"C:\Users\jbm\Desktop\S4e-APP6-Vivado_2019\APP6\APP6.sdk\APP6_2019\src\common" -c -fmessage-length=0 -MT"src/cyclone_tcp/main.o" -I../../standalone_bsp_0/microblaze_0/include -mlittle-endian -mno-xl-soft-div -mcpu=v11.0 -mno-xl-soft-mul -mhard-float -mxl-float-convert -mxl-float-sqrt -Wl,--no-relax -ffunction-sections -fdata-sections -MMD -MP -MF"src/cyclone_tcp/main.d" -MT"src/cyclone_tcp/main.o" -o "src/cyclone_tcp/main.o" "../src/cyclone_tcp/main.c"
../src/cyclone_tcp/main.c: In function 'systemInit':
../src/cyclone_tcp/main.c:88:12: warning: variable 'error' set but not used [-Wunused-but-set-variable]
    error_t error;
            ^~~~~
../src/cyclone_tcp/main.c: In function 'SetupInterruptSystem':
../src/cyclone_tcp/main.c:170:6: warning: variable 'Status' set but not used [-Wunused-but-set-variable]
  int Status;
      ^~~~~~
../src/cyclone_tcp/main.c: In function 'uartInit':
../src/cyclone_tcp/main.c:230:6: warning: unused variable 'Index' [-Wunused-variable]
  int Index;
      ^~~~~
../src/cyclone_tcp/main.c:229:15: warning: unused variable 'SentCount' [-Wunused-variable]
  unsigned int SentCount;
               ^~~~~~~~~
../src/cyclone_tcp/main.c:228:6: warning: variable 'Status' set but not used [-Wunused-but-set-variable]
  int Status;
      ^~~~~~
../src/cyclone_tcp/main.c: At top level:
../src/cyclone_tcp/main.c:251:1: error: unknown type name 'bool'; did you mean 'bool_t'?
 bool udpSocketUp = false;
 ^~~~
 bool_t
../src/cyclone_tcp/main.c:251:20: error: 'false' undeclared here (not in a function); did you mean 'flsl'?
 bool udpSocketUp = false;
                    ^~~~~
                    flsl
../src/cyclone_tcp/main.c: In function 'main':
../src/cyclone_tcp/main.c:288:22: error: 'true' undeclared (first use in this function); did you mean 'free'?
        udpSocketUp = true;
                      ^~~~
                      free
../src/cyclone_tcp/main.c:288:22: note: each undeclared identifier is reported only once for each function it appears in
../src/cyclone_tcp/main.c:256:9: warning: unused variable 'c' [-Wunused-variable]
    char c;
         ^
make: *** [src/cyclone_tcp/subdir.mk:26: src/cyclone_tcp/main.o] Error 1
13:07:59 **** Auto Build of configuration Debug for project APP6_2019 ****
make all 
'Building file: ../src/cyclone_tcp/main.c'
'Invoking: MicroBlaze gcc compiler'
mb-gcc -Wall -O0 -g3 -I"C:\Users\jbm\Desktop\S4e-APP6-Vivado_2019\APP6\APP6.sdk\APP6_2019\src\cyclone_tcp" -I"C:\Users\jbm\Desktop\S4e-APP6-Vivado_2019\APP6\APP6.sdk\APP6_2019\src\common" -c -fmessage-length=0 -MT"src/cyclone_tcp/main.o" -I../../standalone_bsp_0/microblaze_0/include -mlittle-endian -mno-xl-soft-div -mcpu=v11.0 -mno-xl-soft-mul -mhard-float -mxl-float-convert -mxl-float-sqrt -Wl,--no-relax -ffunction-sections -fdata-sections -MMD -MP -MF"src/cyclone_tcp/main.d" -MT"src/cyclone_tcp/main.o" -o "src/cyclone_tcp/main.o" "../src/cyclone_tcp/main.c"
../src/cyclone_tcp/main.c: In function 'systemInit':
../src/cyclone_tcp/main.c:89:12: warning: variable 'error' set but not used [-Wunused-but-set-variable]
    error_t error;
            ^~~~~
../src/cyclone_tcp/main.c: In function 'SetupInterruptSystem':
../src/cyclone_tcp/main.c:171:6: warning: variable 'Status' set but not used [-Wunused-but-set-variable]
  int Status;
      ^~~~~~
../src/cyclone_tcp/main.c: In function 'uartInit':
../src/cyclone_tcp/main.c:231:6: warning: unused variable 'Index' [-Wunused-variable]
  int Index;
      ^~~~~
../src/cyclone_tcp/main.c:230:15: warning: unused variable 'SentCount' [-Wunused-variable]
  unsigned int SentCount;
               ^~~~~~~~~
../src/cyclone_tcp/main.c:229:6: warning: variable 'Status' set but not used [-Wunused-but-set-variable]
  int Status;
      ^~~~~~
../src/cyclone_tcp/main.c: In function 'main':
../src/cyclone_tcp/main.c:257:9: warning: unused variable 'c' [-Wunused-variable]
    char c;
         ^
'Finished building: ../src/cyclone_tcp/main.c'
' '
'Building file: ../src/cyclone_tcp/spi_driver.c'
'Invoking: MicroBlaze gcc compiler'
mb-gcc -Wall -O0 -g3 -I"C:\Users\jbm\Desktop\S4e-APP6-Vivado_2019\APP6\APP6.sdk\APP6_2019\src\cyclone_tcp" -I"C:\Users\jbm\Desktop\S4e-APP6-Vivado_2019\APP6\APP6.sdk\APP6_2019\src\common" -c -fmessage-length=0 -MT"src/cyclone_tcp/spi_driver.o" -I../../standalone_bsp_0/microblaze_0/include -mlittle-endian -mno-xl-soft-div -mcpu=v11.0 -mno-xl-soft-mul -mhard-float -mxl-float-convert -mxl-float-sqrt -Wl,--no-relax -ffunction-sections -fdata-sections -MMD -MP -MF"src/cyclone_tcp/spi_driver.d" -MT"src/cyclone_tcp/spi_driver.o" -o "src/cyclone_tcp/spi_driver.o" "../src/cyclone_tcp/spi_driver.c"
'Finished building: ../src/cyclone_tcp/spi_driver.c'
' '
'Building file: ../src/common/cpu_endian.c'
'Invoking: MicroBlaze gcc compiler'
mb-gcc -Wall -O0 -g3 -I"C:\Users\jbm\Desktop\S4e-APP6-Vivado_2019\APP6\APP6.sdk\APP6_2019\src\cyclone_tcp" -I"C:\Users\jbm\Desktop\S4e-APP6-Vivado_2019\APP6\APP6.sdk\APP6_2019\src\common" -c -fmessage-length=0 -MT"src/common/cpu_endian.o" -I../../standalone_bsp_0/microblaze_0/include -mlittle-endian -mno-xl-soft-div -mcpu=v11.0 -mno-xl-soft-mul -mhard-float -mxl-float-convert -mxl-float-sqrt -Wl,--no-relax -ffunction-sections -fdata-sections -MMD -MP -MF"src/common/cpu_endian.d" -MT"src/common/cpu_endian.o" -o "src/common/cpu_endian.o" "../src/common/cpu_endian.c"
'Finished building: ../src/common/cpu_endian.c'
' '
'Building file: ../src/common/date_time.c'
'Invoking: MicroBlaze gcc compiler'
mb-gcc -Wall -O0 -g3 -I"C:\Users\jbm\Desktop\S4e-APP6-Vivado_2019\APP6\APP6.sdk\APP6_2019\src\cyclone_tcp" -I"C:\Users\jbm\Desktop\S4e-APP6-Vivado_2019\APP6\APP6.sdk\APP6_2019\src\common" -c -fmessage-length=0 -MT"src/common/date_time.o" -I../../standalone_bsp_0/microblaze_0/include -mlittle-endian -mno-xl-soft-div -mcpu=v11.0 -mno-xl-soft-mul -mhard-float -mxl-float-convert -mxl-float-sqrt -Wl,--no-relax -ffunction-sections -fdata-sections -MMD -MP -MF"src/common/date_time.d" -MT"src/common/date_time.o" -o "src/common/date_time.o" "../src/common/date_time.c"
'Finished building: ../src/common/date_time.c'
' '
'Building file: ../src/common/os_port_none.c'
'Invoking: MicroBlaze gcc compiler'
mb-gcc -Wall -O0 -g3 -I"C:\Users\jbm\Desktop\S4e-APP6-Vivado_2019\APP6\APP6.sdk\APP6_2019\src\cyclone_tcp" -I"C:\Users\jbm\Desktop\S4e-APP6-Vivado_2019\APP6\APP6.sdk\APP6_2019\src\common" -c -fmessage-length=0 -MT"src/common/os_port_none.o" -I../../standalone_bsp_0/microblaze_0/include -mlittle-endian -mno-xl-soft-div -mcpu=v11.0 -mno-xl-soft-mul -mhard-float -mxl-float-convert -mxl-float-sqrt -Wl,--no-relax -ffunction-sections -fdata-sections -MMD -MP -MF"src/common/os_port_none.d" -MT"src/common/os_port_none.o" -o "src/common/os_port_none.o" "../src/common/os_port_none.c"
'Finished building: ../src/common/os_port_none.c'
' '
'Building target: APP6_2019.elf'
'Invoking: MicroBlaze gcc linker'
mb-gcc -Wl,-T -Wl,../src/lscript.ld -L../../standalone_bsp_0/microblaze_0/lib -mlittle-endian -mno-xl-soft-div -mcpu=v11.0 -mno-xl-soft-mul -mhard-float -mxl-float-convert -mxl-float-sqrt -Wl,--no-relax -Wl,--gc-sections -o "APP6_2019.elf"  ./src/cyclone_tcp/std_services/echo.o  ./src/cyclone_tcp/ipv4/arp.o ./src/cyclone_tcp/ipv4/ipv4.o  ./src/cyclone_tcp/drivers/eth/enc624j600_driver.o  ./src/cyclone_tcp/core/ethernet.o ./src/cyclone_tcp/core/ip.o ./src/cyclone_tcp/core/net.o ./src/cyclone_tcp/core/net_mem.o ./src/cyclone_tcp/core/nic.o ./src/cyclone_tcp/core/socket.o ./src/cyclone_tcp/core/udp.o  ./src/cyclone_tcp/ext_int_driver.o ./src/cyclone_tcp/main.o ./src/cyclone_tcp/spi_driver.o  ./src/common/cpu_endian.o ./src/common/date_time.o ./src/common/os_port_none.o   -Wl,--start-group,-lxil,-lgcc,-lc,--end-group
c:/xilinx/sdk/2019.1/gnu/microblaze/nt/bin/../lib/gcc/microblaze-xilinx-elf/8.2.0/../../../../microblaze-xilinx-elf/bin/ld.exe: APP6_2019.elf section `.rodata' will not fit in region `microblaze_0_local_memory_ilmb_bram_if_cntlr_Mem_microblaze_0_local_memory_dlmb_bram_if_cntlr_Mem'
c:/xilinx/sdk/2019.1/gnu/microblaze/nt/bin/../lib/gcc/microblaze-xilinx-elf/8.2.0/../../../../microblaze-xilinx-elf/bin/ld.exe: region `microblaze_0_local_memory_ilmb_bram_if_cntlr_Mem_microblaze_0_local_memory_dlmb_bram_if_cntlr_Mem' overflowed by 9848 bytes
collect2.exe: error: ld returned 1 exit status
make: *** [makefile:43: APP6_2019.elf] Error 1
13:13:02 **** Clean-only build of configuration Debug for project APP6_2019 ****
make clean 
rm -rf  ./src/cyclone_tcp/std_services/echo.o  ./src/cyclone_tcp/ipv4/arp.o ./src/cyclone_tcp/ipv4/ipv4.o  ./src/cyclone_tcp/drivers/eth/enc624j600_driver.o  ./src/cyclone_tcp/core/ethernet.o ./src/cyclone_tcp/core/ip.o ./src/cyclone_tcp/core/net.o ./src/cyclone_tcp/core/net_mem.o ./src/cyclone_tcp/core/nic.o ./src/cyclone_tcp/core/socket.o ./src/cyclone_tcp/core/udp.o  ./src/cyclone_tcp/ext_int_driver.o ./src/cyclone_tcp/main.o ./src/cyclone_tcp/spi_driver.o  ./src/common/cpu_endian.o ./src/common/date_time.o ./src/common/os_port_none.o  ./src/cyclone_tcp/std_services/echo.d  ./src/cyclone_tcp/ipv4/arp.d ./src/cyclone_tcp/ipv4/ipv4.d  ./src/cyclone_tcp/drivers/eth/enc624j600_driver.d  ./src/cyclone_tcp/core/ethernet.d ./src/cyclone_tcp/core/ip.d ./src/cyclone_tcp/core/net.d ./src/cyclone_tcp/core/net_mem.d ./src/cyclone_tcp/core/nic.d ./src/cyclone_tcp/core/socket.d ./src/cyclone_tcp/core/udp.d  ./src/cyclone_tcp/ext_int_driver.d ./src/cyclone_tcp/main.d ./src/cyclone_tcp/spi_driver.d  ./src/common/cpu_endian.d ./src/common/date_time.d ./src/common/os_port_none.d  APP6_2019.elf.size  APP6_2019.elf
' '
13:13:02 **** Auto Build of configuration Debug for project APP6_2019 ****
make all 
'Building file: ../src/cyclone_tcp/std_services/echo.c'
'Invoking: MicroBlaze gcc compiler'
mb-gcc -Wall -Os -g -I"C:\Users\jbm\Desktop\S4e-APP6-Vivado_2019\APP6\APP6.sdk\APP6_2019\src\cyclone_tcp" -I"C:\Users\jbm\Desktop\S4e-APP6-Vivado_2019\APP6\APP6.sdk\APP6_2019\src\common" -c -fmessage-length=0 -MT"src/cyclone_tcp/std_services/echo.o" -I../../standalone_bsp_0/microblaze_0/include -mlittle-endian -mno-xl-soft-div -mcpu=v11.0 -mno-xl-soft-mul -mhard-float -mxl-float-convert -mxl-float-sqrt -MMD -MP -MF"src/cyclone_tcp/std_services/echo.d" -MT"src/cyclone_tcp/std_services/echo.o" -o "src/cyclone_tcp/std_services/echo.o" "../src/cyclone_tcp/std_services/echo.c"
'Finished building: ../src/cyclone_tcp/std_services/echo.c'
' '
'Building file: ../src/cyclone_tcp/ipv4/arp.c'
'Invoking: MicroBlaze gcc compiler'
mb-gcc -Wall -Os -g -I"C:\Users\jbm\Desktop\S4e-APP6-Vivado_2019\APP6\APP6.sdk\APP6_2019\src\cyclone_tcp" -I"C:\Users\jbm\Desktop\S4e-APP6-Vivado_2019\APP6\APP6.sdk\APP6_2019\src\common" -c -fmessage-length=0 -MT"src/cyclone_tcp/ipv4/arp.o" -I../../standalone_bsp_0/microblaze_0/include -mlittle-endian -mno-xl-soft-div -mcpu=v11.0 -mno-xl-soft-mul -mhard-float -mxl-float-convert -mxl-float-sqrt -MMD -MP -MF"src/cyclone_tcp/ipv4/arp.d" -MT"src/cyclone_tcp/ipv4/arp.o" -o "src/cyclone_tcp/ipv4/arp.o" "../src/cyclone_tcp/ipv4/arp.c"
'Finished building: ../src/cyclone_tcp/ipv4/arp.c'
' '
'Building file: ../src/cyclone_tcp/ipv4/ipv4.c'
'Invoking: MicroBlaze gcc compiler'
mb-gcc -Wall -Os -g -I"C:\Users\jbm\Desktop\S4e-APP6-Vivado_2019\APP6\APP6.sdk\APP6_2019\src\cyclone_tcp" -I"C:\Users\jbm\Desktop\S4e-APP6-Vivado_2019\APP6\APP6.sdk\APP6_2019\src\common" -c -fmessage-length=0 -MT"src/cyclone_tcp/ipv4/ipv4.o" -I../../standalone_bsp_0/microblaze_0/include -mlittle-endian -mno-xl-soft-div -mcpu=v11.0 -mno-xl-soft-mul -mhard-float -mxl-float-convert -mxl-float-sqrt -MMD -MP -MF"src/cyclone_tcp/ipv4/ipv4.d" -MT"src/cyclone_tcp/ipv4/ipv4.o" -o "src/cyclone_tcp/ipv4/ipv4.o" "../src/cyclone_tcp/ipv4/ipv4.c"
'Finished building: ../src/cyclone_tcp/ipv4/ipv4.c'
' '
'Building file: ../src/cyclone_tcp/drivers/eth/enc624j600_driver.c'
'Invoking: MicroBlaze gcc compiler'
mb-gcc -Wall -Os -g -I"C:\Users\jbm\Desktop\S4e-APP6-Vivado_2019\APP6\APP6.sdk\APP6_2019\src\cyclone_tcp" -I"C:\Users\jbm\Desktop\S4e-APP6-Vivado_2019\APP6\APP6.sdk\APP6_2019\src\common" -c -fmessage-length=0 -MT"src/cyclone_tcp/drivers/eth/enc624j600_driver.o" -I../../standalone_bsp_0/microblaze_0/include -mlittle-endian -mno-xl-soft-div -mcpu=v11.0 -mno-xl-soft-mul -mhard-float -mxl-float-convert -mxl-float-sqrt -MMD -MP -MF"src/cyclone_tcp/drivers/eth/enc624j600_driver.d" -MT"src/cyclone_tcp/drivers/eth/enc624j600_driver.o" -o "src/cyclone_tcp/drivers/eth/enc624j600_driver.o" "../src/cyclone_tcp/drivers/eth/enc624j600_driver.c"
../src/cyclone_tcp/drivers/eth/enc624j600_driver.c: In function 'enc624j600UpdateMacConfig':
../src/cyclone_tcp/drivers/eth/enc624j600_driver.c:565:1: warning: control reaches end of non-void function [-Wreturn-type]
 }
 ^
'Finished building: ../src/cyclone_tcp/drivers/eth/enc624j600_driver.c'
' '
'Building file: ../src/cyclone_tcp/core/ethernet.c'
'Invoking: MicroBlaze gcc compiler'
mb-gcc -Wall -Os -g -I"C:\Users\jbm\Desktop\S4e-APP6-Vivado_2019\APP6\APP6.sdk\APP6_2019\src\cyclone_tcp" -I"C:\Users\jbm\Desktop\S4e-APP6-Vivado_2019\APP6\APP6.sdk\APP6_2019\src\common" -c -fmessage-length=0 -MT"src/cyclone_tcp/core/ethernet.o" -I../../standalone_bsp_0/microblaze_0/include -mlittle-endian -mno-xl-soft-div -mcpu=v11.0 -mno-xl-soft-mul -mhard-float -mxl-float-convert -mxl-float-sqrt -MMD -MP -MF"src/cyclone_tcp/core/ethernet.d" -MT"src/cyclone_tcp/core/ethernet.o" -o "src/cyclone_tcp/core/ethernet.o" "../src/cyclone_tcp/core/ethernet.c"
'Finished building: ../src/cyclone_tcp/core/ethernet.c'
' '
'Building file: ../src/cyclone_tcp/core/ip.c'
'Invoking: MicroBlaze gcc compiler'
mb-gcc -Wall -Os -g -I"C:\Users\jbm\Desktop\S4e-APP6-Vivado_2019\APP6\APP6.sdk\APP6_2019\src\cyclone_tcp" -I"C:\Users\jbm\Desktop\S4e-APP6-Vivado_2019\APP6\APP6.sdk\APP6_2019\src\common" -c -fmessage-length=0 -MT"src/cyclone_tcp/core/ip.o" -I../../standalone_bsp_0/microblaze_0/include -mlittle-endian -mno-xl-soft-div -mcpu=v11.0 -mno-xl-soft-mul -mhard-float -mxl-float-convert -mxl-float-sqrt -MMD -MP -MF"src/cyclone_tcp/core/ip.d" -MT"src/cyclone_tcp/core/ip.o" -o "src/cyclone_tcp/core/ip.o" "../src/cyclone_tcp/core/ip.c"
'Finished building: ../src/cyclone_tcp/core/ip.c'
' '
'Building file: ../src/cyclone_tcp/core/net.c'
'Invoking: MicroBlaze gcc compiler'
mb-gcc -Wall -Os -g -I"C:\Users\jbm\Desktop\S4e-APP6-Vivado_2019\APP6\APP6.sdk\APP6_2019\src\cyclone_tcp" -I"C:\Users\jbm\Desktop\S4e-APP6-Vivado_2019\APP6\APP6.sdk\APP6_2019\src\common" -c -fmessage-length=0 -MT"src/cyclone_tcp/core/net.o" -I../../standalone_bsp_0/microblaze_0/include -mlittle-endian -mno-xl-soft-div -mcpu=v11.0 -mno-xl-soft-mul -mhard-float -mxl-float-convert -mxl-float-sqrt -MMD -MP -MF"src/cyclone_tcp/core/net.d" -MT"src/cyclone_tcp/core/net.o" -o "src/cyclone_tcp/core/net.o" "../src/cyclone_tcp/core/net.c"
'Finished building: ../src/cyclone_tcp/core/net.c'
' '
'Building file: ../src/cyclone_tcp/core/net_mem.c'
'Invoking: MicroBlaze gcc compiler'
mb-gcc -Wall -Os -g -I"C:\Users\jbm\Desktop\S4e-APP6-Vivado_2019\APP6\APP6.sdk\APP6_2019\src\cyclone_tcp" -I"C:\Users\jbm\Desktop\S4e-APP6-Vivado_2019\APP6\APP6.sdk\APP6_2019\src\common" -c -fmessage-length=0 -MT"src/cyclone_tcp/core/net_mem.o" -I../../standalone_bsp_0/microblaze_0/include -mlittle-endian -mno-xl-soft-div -mcpu=v11.0 -mno-xl-soft-mul -mhard-float -mxl-float-convert -mxl-float-sqrt -MMD -MP -MF"src/cyclone_tcp/core/net_mem.d" -MT"src/cyclone_tcp/core/net_mem.o" -o "src/cyclone_tcp/core/net_mem.o" "../src/cyclone_tcp/core/net_mem.c"
'Finished building: ../src/cyclone_tcp/core/net_mem.c'
' '
'Building file: ../src/cyclone_tcp/core/nic.c'
'Invoking: MicroBlaze gcc compiler'
mb-gcc -Wall -Os -g -I"C:\Users\jbm\Desktop\S4e-APP6-Vivado_2019\APP6\APP6.sdk\APP6_2019\src\cyclone_tcp" -I"C:\Users\jbm\Desktop\S4e-APP6-Vivado_2019\APP6\APP6.sdk\APP6_2019\src\common" -c -fmessage-length=0 -MT"src/cyclone_tcp/core/nic.o" -I../../standalone_bsp_0/microblaze_0/include -mlittle-endian -mno-xl-soft-div -mcpu=v11.0 -mno-xl-soft-mul -mhard-float -mxl-float-convert -mxl-float-sqrt -MMD -MP -MF"src/cyclone_tcp/core/nic.d" -MT"src/cyclone_tcp/core/nic.o" -o "src/cyclone_tcp/core/nic.o" "../src/cyclone_tcp/core/nic.c"
'Finished building: ../src/cyclone_tcp/core/nic.c'
' '
'Building file: ../src/cyclone_tcp/core/socket.c'
'Invoking: MicroBlaze gcc compiler'
mb-gcc -Wall -Os -g -I"C:\Users\jbm\Desktop\S4e-APP6-Vivado_2019\APP6\APP6.sdk\APP6_2019\src\cyclone_tcp" -I"C:\Users\jbm\Desktop\S4e-APP6-Vivado_2019\APP6\APP6.sdk\APP6_2019\src\common" -c -fmessage-length=0 -MT"src/cyclone_tcp/core/socket.o" -I../../standalone_bsp_0/microblaze_0/include -mlittle-endian -mno-xl-soft-div -mcpu=v11.0 -mno-xl-soft-mul -mhard-float -mxl-float-convert -mxl-float-sqrt -MMD -MP -MF"src/cyclone_tcp/core/socket.d" -MT"src/cyclone_tcp/core/socket.o" -o "src/cyclone_tcp/core/socket.o" "../src/cyclone_tcp/core/socket.c"
../src/cyclone_tcp/core/socket.c: In function 'getHostByName':
../src/cyclone_tcp/core/socket.c:1071:21: warning: variable 'protocol' set but not used [-Wunused-but-set-variable]
    HostnameResolver protocol = HOST_NAME_RESOLVER_ANY;
                     ^~~~~~~~
'Finished building: ../src/cyclone_tcp/core/socket.c'
' '
'Building file: ../src/cyclone_tcp/core/udp.c'
'Invoking: MicroBlaze gcc compiler'
mb-gcc -Wall -Os -g -I"C:\Users\jbm\Desktop\S4e-APP6-Vivado_2019\APP6\APP6.sdk\APP6_2019\src\cyclone_tcp" -I"C:\Users\jbm\Desktop\S4e-APP6-Vivado_2019\APP6\APP6.sdk\APP6_2019\src\common" -c -fmessage-length=0 -MT"src/cyclone_tcp/core/udp.o" -I../../standalone_bsp_0/microblaze_0/include -mlittle-endian -mno-xl-soft-div -mcpu=v11.0 -mno-xl-soft-mul -mhard-float -mxl-float-convert -mxl-float-sqrt -MMD -MP -MF"src/cyclone_tcp/core/udp.d" -MT"src/cyclone_tcp/core/udp.o" -o "src/cyclone_tcp/core/udp.o" "../src/cyclone_tcp/core/udp.c"
'Finished building: ../src/cyclone_tcp/core/udp.c'
' '
'Building file: ../src/cyclone_tcp/ext_int_driver.c'
'Invoking: MicroBlaze gcc compiler'
mb-gcc -Wall -Os -g -I"C:\Users\jbm\Desktop\S4e-APP6-Vivado_2019\APP6\APP6.sdk\APP6_2019\src\cyclone_tcp" -I"C:\Users\jbm\Desktop\S4e-APP6-Vivado_2019\APP6\APP6.sdk\APP6_2019\src\common" -c -fmessage-length=0 -MT"src/cyclone_tcp/ext_int_driver.o" -I../../standalone_bsp_0/microblaze_0/include -mlittle-endian -mno-xl-soft-div -mcpu=v11.0 -mno-xl-soft-mul -mhard-float -mxl-float-convert -mxl-float-sqrt -MMD -MP -MF"src/cyclone_tcp/ext_int_driver.d" -MT"src/cyclone_tcp/ext_int_driver.o" -o "src/cyclone_tcp/ext_int_driver.o" "../src/cyclone_tcp/ext_int_driver.c"
../src/cyclone_tcp/ext_int_driver.c: In function 'ENC_Int_Handler':
../src/cyclone_tcp/ext_int_driver.c:93:22: warning: unused variable 'status' [-Wunused-variable]
    volatile uint32_t status;
                      ^~~~~~
'Finished building: ../src/cyclone_tcp/ext_int_driver.c'
' '
'Building file: ../src/cyclone_tcp/main.c'
'Invoking: MicroBlaze gcc compiler'
mb-gcc -Wall -Os -g -I"C:\Users\jbm\Desktop\S4e-APP6-Vivado_2019\APP6\APP6.sdk\APP6_2019\src\cyclone_tcp" -I"C:\Users\jbm\Desktop\S4e-APP6-Vivado_2019\APP6\APP6.sdk\APP6_2019\src\common" -c -fmessage-length=0 -MT"src/cyclone_tcp/main.o" -I../../standalone_bsp_0/microblaze_0/include -mlittle-endian -mno-xl-soft-div -mcpu=v11.0 -mno-xl-soft-mul -mhard-float -mxl-float-convert -mxl-float-sqrt -MMD -MP -MF"src/cyclone_tcp/main.d" -MT"src/cyclone_tcp/main.o" -o "src/cyclone_tcp/main.o" "../src/cyclone_tcp/main.c"
../src/cyclone_tcp/main.c: In function 'systemInit':
../src/cyclone_tcp/main.c:89:12: warning: variable 'error' set but not used [-Wunused-but-set-variable]
    error_t error;
            ^~~~~
../src/cyclone_tcp/main.c: In function 'SetupInterruptSystem':
../src/cyclone_tcp/main.c:171:6: warning: variable 'Status' set but not used [-Wunused-but-set-variable]
  int Status;
      ^~~~~~
../src/cyclone_tcp/main.c: In function 'uartInit':
../src/cyclone_tcp/main.c:231:6: warning: unused variable 'Index' [-Wunused-variable]
  int Index;
      ^~~~~
../src/cyclone_tcp/main.c:230:15: warning: unused variable 'SentCount' [-Wunused-variable]
  unsigned int SentCount;
               ^~~~~~~~~
../src/cyclone_tcp/main.c:229:6: warning: variable 'Status' set but not used [-Wunused-but-set-variable]
  int Status;
      ^~~~~~
../src/cyclone_tcp/main.c: In function 'main':
../src/cyclone_tcp/main.c:257:9: warning: unused variable 'c' [-Wunused-variable]
    char c;
         ^
'Finished building: ../src/cyclone_tcp/main.c'
' '
'Building file: ../src/cyclone_tcp/spi_driver.c'
'Invoking: MicroBlaze gcc compiler'
mb-gcc -Wall -Os -g -I"C:\Users\jbm\Desktop\S4e-APP6-Vivado_2019\APP6\APP6.sdk\APP6_2019\src\cyclone_tcp" -I"C:\Users\jbm\Desktop\S4e-APP6-Vivado_2019\APP6\APP6.sdk\APP6_2019\src\common" -c -fmessage-length=0 -MT"src/cyclone_tcp/spi_driver.o" -I../../standalone_bsp_0/microblaze_0/include -mlittle-endian -mno-xl-soft-div -mcpu=v11.0 -mno-xl-soft-mul -mhard-float -mxl-float-convert -mxl-float-sqrt -MMD -MP -MF"src/cyclone_tcp/spi_driver.d" -MT"src/cyclone_tcp/spi_driver.o" -o "src/cyclone_tcp/spi_driver.o" "../src/cyclone_tcp/spi_driver.c"
'Finished building: ../src/cyclone_tcp/spi_driver.c'
' '
'Building file: ../src/common/cpu_endian.c'
'Invoking: MicroBlaze gcc compiler'
mb-gcc -Wall -Os -g -I"C:\Users\jbm\Desktop\S4e-APP6-Vivado_2019\APP6\APP6.sdk\APP6_2019\src\cyclone_tcp" -I"C:\Users\jbm\Desktop\S4e-APP6-Vivado_2019\APP6\APP6.sdk\APP6_2019\src\common" -c -fmessage-length=0 -MT"src/common/cpu_endian.o" -I../../standalone_bsp_0/microblaze_0/include -mlittle-endian -mno-xl-soft-div -mcpu=v11.0 -mno-xl-soft-mul -mhard-float -mxl-float-convert -mxl-float-sqrt -MMD -MP -MF"src/common/cpu_endian.d" -MT"src/common/cpu_endian.o" -o "src/common/cpu_endian.o" "../src/common/cpu_endian.c"
'Finished building: ../src/common/cpu_endian.c'
' '
'Building file: ../src/common/date_time.c'
'Invoking: MicroBlaze gcc compiler'
mb-gcc -Wall -Os -g -I"C:\Users\jbm\Desktop\S4e-APP6-Vivado_2019\APP6\APP6.sdk\APP6_2019\src\cyclone_tcp" -I"C:\Users\jbm\Desktop\S4e-APP6-Vivado_2019\APP6\APP6.sdk\APP6_2019\src\common" -c -fmessage-length=0 -MT"src/common/date_time.o" -I../../standalone_bsp_0/microblaze_0/include -mlittle-endian -mno-xl-soft-div -mcpu=v11.0 -mno-xl-soft-mul -mhard-float -mxl-float-convert -mxl-float-sqrt -MMD -MP -MF"src/common/date_time.d" -MT"src/common/date_time.o" -o "src/common/date_time.o" "../src/common/date_time.c"
'Finished building: ../src/common/date_time.c'
' '
'Building file: ../src/common/os_port_none.c'
'Invoking: MicroBlaze gcc compiler'
mb-gcc -Wall -Os -g -I"C:\Users\jbm\Desktop\S4e-APP6-Vivado_2019\APP6\APP6.sdk\APP6_2019\src\cyclone_tcp" -I"C:\Users\jbm\Desktop\S4e-APP6-Vivado_2019\APP6\APP6.sdk\APP6_2019\src\common" -c -fmessage-length=0 -MT"src/common/os_port_none.o" -I../../standalone_bsp_0/microblaze_0/include -mlittle-endian -mno-xl-soft-div -mcpu=v11.0 -mno-xl-soft-mul -mhard-float -mxl-float-convert -mxl-float-sqrt -MMD -MP -MF"src/common/os_port_none.d" -MT"src/common/os_port_none.o" -o "src/common/os_port_none.o" "../src/common/os_port_none.c"
'Finished building: ../src/common/os_port_none.c'
' '
'Building target: APP6_2019.elf'
'Invoking: MicroBlaze gcc linker'
mb-gcc -Wl,-T -Wl,../src/lscript.ld -L../../standalone_bsp_0/microblaze_0/lib -mlittle-endian -mno-xl-soft-div -mcpu=v11.0 -mno-xl-soft-mul -mhard-float -mxl-float-convert -mxl-float-sqrt -o "APP6_2019.elf"  ./src/cyclone_tcp/std_services/echo.o  ./src/cyclone_tcp/ipv4/arp.o ./src/cyclone_tcp/ipv4/ipv4.o  ./src/cyclone_tcp/drivers/eth/enc624j600_driver.o  ./src/cyclone_tcp/core/ethernet.o ./src/cyclone_tcp/core/ip.o ./src/cyclone_tcp/core/net.o ./src/cyclone_tcp/core/net_mem.o ./src/cyclone_tcp/core/nic.o ./src/cyclone_tcp/core/socket.o ./src/cyclone_tcp/core/udp.o  ./src/cyclone_tcp/ext_int_driver.o ./src/cyclone_tcp/main.o ./src/cyclone_tcp/spi_driver.o  ./src/common/cpu_endian.o ./src/common/date_time.o ./src/common/os_port_none.o   -Wl,--start-group,-lxil,-lgcc,-lc,--end-group
c:/xilinx/sdk/2019.1/gnu/microblaze/nt/bin/../lib/gcc/microblaze-xilinx-elf/8.2.0/../../../../microblaze-xilinx-elf/bin/ld.exe: APP6_2019.elf section `.text' will not fit in region `microblaze_0_local_memory_ilmb_bram_if_cntlr_Mem_microblaze_0_local_memory_dlmb_bram_if_cntlr_Mem'
c:/xilinx/sdk/2019.1/gnu/microblaze/nt/bin/../lib/gcc/microblaze-xilinx-elf/8.2.0/../../../../microblaze-xilinx-elf/bin/ld.exe: region `microblaze_0_local_memory_ilmb_bram_if_cntlr_Mem_microblaze_0_local_memory_dlmb_bram_if_cntlr_Mem' overflowed by 15312 bytes
collect2.exe: error: ld returned 1 exit status
make: *** [makefile:43: APP6_2019.elf] Error 1
13:13:27 **** Clean-only build of configuration Debug for project APP6_2019 ****
make clean 
rm -rf  ./src/cyclone_tcp/std_services/echo.o  ./src/cyclone_tcp/ipv4/arp.o ./src/cyclone_tcp/ipv4/ipv4.o  ./src/cyclone_tcp/drivers/eth/enc624j600_driver.o  ./src/cyclone_tcp/core/ethernet.o ./src/cyclone_tcp/core/ip.o ./src/cyclone_tcp/core/net.o ./src/cyclone_tcp/core/net_mem.o ./src/cyclone_tcp/core/nic.o ./src/cyclone_tcp/core/socket.o ./src/cyclone_tcp/core/udp.o  ./src/cyclone_tcp/ext_int_driver.o ./src/cyclone_tcp/main.o ./src/cyclone_tcp/spi_driver.o  ./src/common/cpu_endian.o ./src/common/date_time.o ./src/common/os_port_none.o  ./src/cyclone_tcp/std_services/echo.d  ./src/cyclone_tcp/ipv4/arp.d ./src/cyclone_tcp/ipv4/ipv4.d  ./src/cyclone_tcp/drivers/eth/enc624j600_driver.d  ./src/cyclone_tcp/core/ethernet.d ./src/cyclone_tcp/core/ip.d ./src/cyclone_tcp/core/net.d ./src/cyclone_tcp/core/net_mem.d ./src/cyclone_tcp/core/nic.d ./src/cyclone_tcp/core/socket.d ./src/cyclone_tcp/core/udp.d  ./src/cyclone_tcp/ext_int_driver.d ./src/cyclone_tcp/main.d ./src/cyclone_tcp/spi_driver.d  ./src/common/cpu_endian.d ./src/common/date_time.d ./src/common/os_port_none.d  APP6_2019.elf.size  APP6_2019.elf
' '
13:13:28 **** Auto Build of configuration Debug for project APP6_2019 ****
make all 
'Building file: ../src/cyclone_tcp/std_services/echo.c'
'Invoking: MicroBlaze gcc compiler'
mb-gcc -Wall -Os -g -I"C:\Users\jbm\Desktop\S4e-APP6-Vivado_2019\APP6\APP6.sdk\APP6_2019\src\cyclone_tcp" -I"C:\Users\jbm\Desktop\S4e-APP6-Vivado_2019\APP6\APP6.sdk\APP6_2019\src\common" -c -fmessage-length=0 -MT"src/cyclone_tcp/std_services/echo.o" -I../../standalone_bsp_0/microblaze_0/include -mlittle-endian -mno-xl-soft-div -mcpu=v11.0 -mno-xl-soft-mul -mhard-float -mxl-float-convert -mxl-float-sqrt -ffunction-sections -fdata-sections -MMD -MP -MF"src/cyclone_tcp/std_services/echo.d" -MT"src/cyclone_tcp/std_services/echo.o" -o "src/cyclone_tcp/std_services/echo.o" "../src/cyclone_tcp/std_services/echo.c"
'Finished building: ../src/cyclone_tcp/std_services/echo.c'
' '
'Building file: ../src/cyclone_tcp/ipv4/arp.c'
'Invoking: MicroBlaze gcc compiler'
mb-gcc -Wall -Os -g -I"C:\Users\jbm\Desktop\S4e-APP6-Vivado_2019\APP6\APP6.sdk\APP6_2019\src\cyclone_tcp" -I"C:\Users\jbm\Desktop\S4e-APP6-Vivado_2019\APP6\APP6.sdk\APP6_2019\src\common" -c -fmessage-length=0 -MT"src/cyclone_tcp/ipv4/arp.o" -I../../standalone_bsp_0/microblaze_0/include -mlittle-endian -mno-xl-soft-div -mcpu=v11.0 -mno-xl-soft-mul -mhard-float -mxl-float-convert -mxl-float-sqrt -ffunction-sections -fdata-sections -MMD -MP -MF"src/cyclone_tcp/ipv4/arp.d" -MT"src/cyclone_tcp/ipv4/arp.o" -o "src/cyclone_tcp/ipv4/arp.o" "../src/cyclone_tcp/ipv4/arp.c"
'Finished building: ../src/cyclone_tcp/ipv4/arp.c'
' '
'Building file: ../src/cyclone_tcp/ipv4/ipv4.c'
'Invoking: MicroBlaze gcc compiler'
mb-gcc -Wall -Os -g -I"C:\Users\jbm\Desktop\S4e-APP6-Vivado_2019\APP6\APP6.sdk\APP6_2019\src\cyclone_tcp" -I"C:\Users\jbm\Desktop\S4e-APP6-Vivado_2019\APP6\APP6.sdk\APP6_2019\src\common" -c -fmessage-length=0 -MT"src/cyclone_tcp/ipv4/ipv4.o" -I../../standalone_bsp_0/microblaze_0/include -mlittle-endian -mno-xl-soft-div -mcpu=v11.0 -mno-xl-soft-mul -mhard-float -mxl-float-convert -mxl-float-sqrt -ffunction-sections -fdata-sections -MMD -MP -MF"src/cyclone_tcp/ipv4/ipv4.d" -MT"src/cyclone_tcp/ipv4/ipv4.o" -o "src/cyclone_tcp/ipv4/ipv4.o" "../src/cyclone_tcp/ipv4/ipv4.c"
'Finished building: ../src/cyclone_tcp/ipv4/ipv4.c'
' '
'Building file: ../src/cyclone_tcp/drivers/eth/enc624j600_driver.c'
'Invoking: MicroBlaze gcc compiler'
mb-gcc -Wall -Os -g -I"C:\Users\jbm\Desktop\S4e-APP6-Vivado_2019\APP6\APP6.sdk\APP6_2019\src\cyclone_tcp" -I"C:\Users\jbm\Desktop\S4e-APP6-Vivado_2019\APP6\APP6.sdk\APP6_2019\src\common" -c -fmessage-length=0 -MT"src/cyclone_tcp/drivers/eth/enc624j600_driver.o" -I../../standalone_bsp_0/microblaze_0/include -mlittle-endian -mno-xl-soft-div -mcpu=v11.0 -mno-xl-soft-mul -mhard-float -mxl-float-convert -mxl-float-sqrt -ffunction-sections -fdata-sections -MMD -MP -MF"src/cyclone_tcp/drivers/eth/enc624j600_driver.d" -MT"src/cyclone_tcp/drivers/eth/enc624j600_driver.o" -o "src/cyclone_tcp/drivers/eth/enc624j600_driver.o" "../src/cyclone_tcp/drivers/eth/enc624j600_driver.c"
../src/cyclone_tcp/drivers/eth/enc624j600_driver.c: In function 'enc624j600UpdateMacConfig':
../src/cyclone_tcp/drivers/eth/enc624j600_driver.c:565:1: warning: control reaches end of non-void function [-Wreturn-type]
 }
 ^
'Finished building: ../src/cyclone_tcp/drivers/eth/enc624j600_driver.c'
' '
'Building file: ../src/cyclone_tcp/core/ethernet.c'
'Invoking: MicroBlaze gcc compiler'
mb-gcc -Wall -Os -g -I"C:\Users\jbm\Desktop\S4e-APP6-Vivado_2019\APP6\APP6.sdk\APP6_2019\src\cyclone_tcp" -I"C:\Users\jbm\Desktop\S4e-APP6-Vivado_2019\APP6\APP6.sdk\APP6_2019\src\common" -c -fmessage-length=0 -MT"src/cyclone_tcp/core/ethernet.o" -I../../standalone_bsp_0/microblaze_0/include -mlittle-endian -mno-xl-soft-div -mcpu=v11.0 -mno-xl-soft-mul -mhard-float -mxl-float-convert -mxl-float-sqrt -ffunction-sections -fdata-sections -MMD -MP -MF"src/cyclone_tcp/core/ethernet.d" -MT"src/cyclone_tcp/core/ethernet.o" -o "src/cyclone_tcp/core/ethernet.o" "../src/cyclone_tcp/core/ethernet.c"
'Finished building: ../src/cyclone_tcp/core/ethernet.c'
' '
'Building file: ../src/cyclone_tcp/core/ip.c'
'Invoking: MicroBlaze gcc compiler'
mb-gcc -Wall -Os -g -I"C:\Users\jbm\Desktop\S4e-APP6-Vivado_2019\APP6\APP6.sdk\APP6_2019\src\cyclone_tcp" -I"C:\Users\jbm\Desktop\S4e-APP6-Vivado_2019\APP6\APP6.sdk\APP6_2019\src\common" -c -fmessage-length=0 -MT"src/cyclone_tcp/core/ip.o" -I../../standalone_bsp_0/microblaze_0/include -mlittle-endian -mno-xl-soft-div -mcpu=v11.0 -mno-xl-soft-mul -mhard-float -mxl-float-convert -mxl-float-sqrt -ffunction-sections -fdata-sections -MMD -MP -MF"src/cyclone_tcp/core/ip.d" -MT"src/cyclone_tcp/core/ip.o" -o "src/cyclone_tcp/core/ip.o" "../src/cyclone_tcp/core/ip.c"
'Finished building: ../src/cyclone_tcp/core/ip.c'
' '
'Building file: ../src/cyclone_tcp/core/net.c'
'Invoking: MicroBlaze gcc compiler'
mb-gcc -Wall -Os -g -I"C:\Users\jbm\Desktop\S4e-APP6-Vivado_2019\APP6\APP6.sdk\APP6_2019\src\cyclone_tcp" -I"C:\Users\jbm\Desktop\S4e-APP6-Vivado_2019\APP6\APP6.sdk\APP6_2019\src\common" -c -fmessage-length=0 -MT"src/cyclone_tcp/core/net.o" -I../../standalone_bsp_0/microblaze_0/include -mlittle-endian -mno-xl-soft-div -mcpu=v11.0 -mno-xl-soft-mul -mhard-float -mxl-float-convert -mxl-float-sqrt -ffunction-sections -fdata-sections -MMD -MP -MF"src/cyclone_tcp/core/net.d" -MT"src/cyclone_tcp/core/net.o" -o "src/cyclone_tcp/core/net.o" "../src/cyclone_tcp/core/net.c"
'Finished building: ../src/cyclone_tcp/core/net.c'
' '
'Building file: ../src/cyclone_tcp/core/net_mem.c'
'Invoking: MicroBlaze gcc compiler'
mb-gcc -Wall -Os -g -I"C:\Users\jbm\Desktop\S4e-APP6-Vivado_2019\APP6\APP6.sdk\APP6_2019\src\cyclone_tcp" -I"C:\Users\jbm\Desktop\S4e-APP6-Vivado_2019\APP6\APP6.sdk\APP6_2019\src\common" -c -fmessage-length=0 -MT"src/cyclone_tcp/core/net_mem.o" -I../../standalone_bsp_0/microblaze_0/include -mlittle-endian -mno-xl-soft-div -mcpu=v11.0 -mno-xl-soft-mul -mhard-float -mxl-float-convert -mxl-float-sqrt -ffunction-sections -fdata-sections -MMD -MP -MF"src/cyclone_tcp/core/net_mem.d" -MT"src/cyclone_tcp/core/net_mem.o" -o "src/cyclone_tcp/core/net_mem.o" "../src/cyclone_tcp/core/net_mem.c"
'Finished building: ../src/cyclone_tcp/core/net_mem.c'
' '
'Building file: ../src/cyclone_tcp/core/nic.c'
'Invoking: MicroBlaze gcc compiler'
mb-gcc -Wall -Os -g -I"C:\Users\jbm\Desktop\S4e-APP6-Vivado_2019\APP6\APP6.sdk\APP6_2019\src\cyclone_tcp" -I"C:\Users\jbm\Desktop\S4e-APP6-Vivado_2019\APP6\APP6.sdk\APP6_2019\src\common" -c -fmessage-length=0 -MT"src/cyclone_tcp/core/nic.o" -I../../standalone_bsp_0/microblaze_0/include -mlittle-endian -mno-xl-soft-div -mcpu=v11.0 -mno-xl-soft-mul -mhard-float -mxl-float-convert -mxl-float-sqrt -ffunction-sections -fdata-sections -MMD -MP -MF"src/cyclone_tcp/core/nic.d" -MT"src/cyclone_tcp/core/nic.o" -o "src/cyclone_tcp/core/nic.o" "../src/cyclone_tcp/core/nic.c"
'Finished building: ../src/cyclone_tcp/core/nic.c'
' '
'Building file: ../src/cyclone_tcp/core/socket.c'
'Invoking: MicroBlaze gcc compiler'
mb-gcc -Wall -Os -g -I"C:\Users\jbm\Desktop\S4e-APP6-Vivado_2019\APP6\APP6.sdk\APP6_2019\src\cyclone_tcp" -I"C:\Users\jbm\Desktop\S4e-APP6-Vivado_2019\APP6\APP6.sdk\APP6_2019\src\common" -c -fmessage-length=0 -MT"src/cyclone_tcp/core/socket.o" -I../../standalone_bsp_0/microblaze_0/include -mlittle-endian -mno-xl-soft-div -mcpu=v11.0 -mno-xl-soft-mul -mhard-float -mxl-float-convert -mxl-float-sqrt -ffunction-sections -fdata-sections -MMD -MP -MF"src/cyclone_tcp/core/socket.d" -MT"src/cyclone_tcp/core/socket.o" -o "src/cyclone_tcp/core/socket.o" "../src/cyclone_tcp/core/socket.c"
../src/cyclone_tcp/core/socket.c: In function 'getHostByName':
../src/cyclone_tcp/core/socket.c:1071:21: warning: variable 'protocol' set but not used [-Wunused-but-set-variable]
    HostnameResolver protocol = HOST_NAME_RESOLVER_ANY;
                     ^~~~~~~~
'Finished building: ../src/cyclone_tcp/core/socket.c'
' '
'Building file: ../src/cyclone_tcp/core/udp.c'
'Invoking: MicroBlaze gcc compiler'
mb-gcc -Wall -Os -g -I"C:\Users\jbm\Desktop\S4e-APP6-Vivado_2019\APP6\APP6.sdk\APP6_2019\src\cyclone_tcp" -I"C:\Users\jbm\Desktop\S4e-APP6-Vivado_2019\APP6\APP6.sdk\APP6_2019\src\common" -c -fmessage-length=0 -MT"src/cyclone_tcp/core/udp.o" -I../../standalone_bsp_0/microblaze_0/include -mlittle-endian -mno-xl-soft-div -mcpu=v11.0 -mno-xl-soft-mul -mhard-float -mxl-float-convert -mxl-float-sqrt -ffunction-sections -fdata-sections -MMD -MP -MF"src/cyclone_tcp/core/udp.d" -MT"src/cyclone_tcp/core/udp.o" -o "src/cyclone_tcp/core/udp.o" "../src/cyclone_tcp/core/udp.c"
'Finished building: ../src/cyclone_tcp/core/udp.c'
' '
'Building file: ../src/cyclone_tcp/ext_int_driver.c'
'Invoking: MicroBlaze gcc compiler'
mb-gcc -Wall -Os -g -I"C:\Users\jbm\Desktop\S4e-APP6-Vivado_2019\APP6\APP6.sdk\APP6_2019\src\cyclone_tcp" -I"C:\Users\jbm\Desktop\S4e-APP6-Vivado_2019\APP6\APP6.sdk\APP6_2019\src\common" -c -fmessage-length=0 -MT"src/cyclone_tcp/ext_int_driver.o" -I../../standalone_bsp_0/microblaze_0/include -mlittle-endian -mno-xl-soft-div -mcpu=v11.0 -mno-xl-soft-mul -mhard-float -mxl-float-convert -mxl-float-sqrt -ffunction-sections -fdata-sections -MMD -MP -MF"src/cyclone_tcp/ext_int_driver.d" -MT"src/cyclone_tcp/ext_int_driver.o" -o "src/cyclone_tcp/ext_int_driver.o" "../src/cyclone_tcp/ext_int_driver.c"
../src/cyclone_tcp/ext_int_driver.c: In function 'ENC_Int_Handler':
../src/cyclone_tcp/ext_int_driver.c:93:22: warning: unused variable 'status' [-Wunused-variable]
    volatile uint32_t status;
                      ^~~~~~
'Finished building: ../src/cyclone_tcp/ext_int_driver.c'
' '
'Building file: ../src/cyclone_tcp/main.c'
'Invoking: MicroBlaze gcc compiler'
mb-gcc -Wall -Os -g -I"C:\Users\jbm\Desktop\S4e-APP6-Vivado_2019\APP6\APP6.sdk\APP6_2019\src\cyclone_tcp" -I"C:\Users\jbm\Desktop\S4e-APP6-Vivado_2019\APP6\APP6.sdk\APP6_2019\src\common" -c -fmessage-length=0 -MT"src/cyclone_tcp/main.o" -I../../standalone_bsp_0/microblaze_0/include -mlittle-endian -mno-xl-soft-div -mcpu=v11.0 -mno-xl-soft-mul -mhard-float -mxl-float-convert -mxl-float-sqrt -ffunction-sections -fdata-sections -MMD -MP -MF"src/cyclone_tcp/main.d" -MT"src/cyclone_tcp/main.o" -o "src/cyclone_tcp/main.o" "../src/cyclone_tcp/main.c"
../src/cyclone_tcp/main.c: In function 'systemInit':
../src/cyclone_tcp/main.c:89:12: warning: variable 'error' set but not used [-Wunused-but-set-variable]
    error_t error;
            ^~~~~
../src/cyclone_tcp/main.c: In function 'SetupInterruptSystem':
../src/cyclone_tcp/main.c:171:6: warning: variable 'Status' set but not used [-Wunused-but-set-variable]
  int Status;
      ^~~~~~
../src/cyclone_tcp/main.c: In function 'uartInit':
../src/cyclone_tcp/main.c:231:6: warning: unused variable 'Index' [-Wunused-variable]
  int Index;
      ^~~~~
../src/cyclone_tcp/main.c:230:15: warning: unused variable 'SentCount' [-Wunused-variable]
  unsigned int SentCount;
               ^~~~~~~~~
../src/cyclone_tcp/main.c:229:6: warning: variable 'Status' set but not used [-Wunused-but-set-variable]
  int Status;
      ^~~~~~
../src/cyclone_tcp/main.c: In function 'main':
../src/cyclone_tcp/main.c:257:9: warning: unused variable 'c' [-Wunused-variable]
    char c;
         ^
'Finished building: ../src/cyclone_tcp/main.c'
' '
'Building file: ../src/cyclone_tcp/spi_driver.c'
'Invoking: MicroBlaze gcc compiler'
mb-gcc -Wall -Os -g -I"C:\Users\jbm\Desktop\S4e-APP6-Vivado_2019\APP6\APP6.sdk\APP6_2019\src\cyclone_tcp" -I"C:\Users\jbm\Desktop\S4e-APP6-Vivado_2019\APP6\APP6.sdk\APP6_2019\src\common" -c -fmessage-length=0 -MT"src/cyclone_tcp/spi_driver.o" -I../../standalone_bsp_0/microblaze_0/include -mlittle-endian -mno-xl-soft-div -mcpu=v11.0 -mno-xl-soft-mul -mhard-float -mxl-float-convert -mxl-float-sqrt -ffunction-sections -fdata-sections -MMD -MP -MF"src/cyclone_tcp/spi_driver.d" -MT"src/cyclone_tcp/spi_driver.o" -o "src/cyclone_tcp/spi_driver.o" "../src/cyclone_tcp/spi_driver.c"
'Finished building: ../src/cyclone_tcp/spi_driver.c'
' '
'Building file: ../src/common/cpu_endian.c'
'Invoking: MicroBlaze gcc compiler'
mb-gcc -Wall -Os -g -I"C:\Users\jbm\Desktop\S4e-APP6-Vivado_2019\APP6\APP6.sdk\APP6_2019\src\cyclone_tcp" -I"C:\Users\jbm\Desktop\S4e-APP6-Vivado_2019\APP6\APP6.sdk\APP6_2019\src\common" -c -fmessage-length=0 -MT"src/common/cpu_endian.o" -I../../standalone_bsp_0/microblaze_0/include -mlittle-endian -mno-xl-soft-div -mcpu=v11.0 -mno-xl-soft-mul -mhard-float -mxl-float-convert -mxl-float-sqrt -ffunction-sections -fdata-sections -MMD -MP -MF"src/common/cpu_endian.d" -MT"src/common/cpu_endian.o" -o "src/common/cpu_endian.o" "../src/common/cpu_endian.c"
'Finished building: ../src/common/cpu_endian.c'
' '
'Building file: ../src/common/date_time.c'
'Invoking: MicroBlaze gcc compiler'
mb-gcc -Wall -Os -g -I"C:\Users\jbm\Desktop\S4e-APP6-Vivado_2019\APP6\APP6.sdk\APP6_2019\src\cyclone_tcp" -I"C:\Users\jbm\Desktop\S4e-APP6-Vivado_2019\APP6\APP6.sdk\APP6_2019\src\common" -c -fmessage-length=0 -MT"src/common/date_time.o" -I../../standalone_bsp_0/microblaze_0/include -mlittle-endian -mno-xl-soft-div -mcpu=v11.0 -mno-xl-soft-mul -mhard-float -mxl-float-convert -mxl-float-sqrt -ffunction-sections -fdata-sections -MMD -MP -MF"src/common/date_time.d" -MT"src/common/date_time.o" -o "src/common/date_time.o" "../src/common/date_time.c"
'Finished building: ../src/common/date_time.c'
' '
'Building file: ../src/common/os_port_none.c'
'Invoking: MicroBlaze gcc compiler'
mb-gcc -Wall -Os -g -I"C:\Users\jbm\Desktop\S4e-APP6-Vivado_2019\APP6\APP6.sdk\APP6_2019\src\cyclone_tcp" -I"C:\Users\jbm\Desktop\S4e-APP6-Vivado_2019\APP6\APP6.sdk\APP6_2019\src\common" -c -fmessage-length=0 -MT"src/common/os_port_none.o" -I../../standalone_bsp_0/microblaze_0/include -mlittle-endian -mno-xl-soft-div -mcpu=v11.0 -mno-xl-soft-mul -mhard-float -mxl-float-convert -mxl-float-sqrt -ffunction-sections -fdata-sections -MMD -MP -MF"src/common/os_port_none.d" -MT"src/common/os_port_none.o" -o "src/common/os_port_none.o" "../src/common/os_port_none.c"
'Finished building: ../src/common/os_port_none.c'
' '
'Building target: APP6_2019.elf'
'Invoking: MicroBlaze gcc linker'
mb-gcc -Wl,-T -Wl,../src/lscript.ld -L../../standalone_bsp_0/microblaze_0/lib -mlittle-endian -mno-xl-soft-div -mcpu=v11.0 -mno-xl-soft-mul -mhard-float -mxl-float-convert -mxl-float-sqrt -Wl,--gc-sections -o "APP6_2019.elf"  ./src/cyclone_tcp/std_services/echo.o  ./src/cyclone_tcp/ipv4/arp.o ./src/cyclone_tcp/ipv4/ipv4.o  ./src/cyclone_tcp/drivers/eth/enc624j600_driver.o  ./src/cyclone_tcp/core/ethernet.o ./src/cyclone_tcp/core/ip.o ./src/cyclone_tcp/core/net.o ./src/cyclone_tcp/core/net_mem.o ./src/cyclone_tcp/core/nic.o ./src/cyclone_tcp/core/socket.o ./src/cyclone_tcp/core/udp.o  ./src/cyclone_tcp/ext_int_driver.o ./src/cyclone_tcp/main.o ./src/cyclone_tcp/spi_driver.o  ./src/common/cpu_endian.o ./src/common/date_time.o ./src/common/os_port_none.o   -Wl,--start-group,-lxil,-lgcc,-lc,--end-group
'Finished building target: APP6_2019.elf'
' '
'Invoking: MicroBlaze Print Size'
mb-size APP6_2019.elf  |tee "APP6_2019.elf.size"
   text	   data	    bss	    dec	    hex	filename
 112004	   1856	   6860	 120720	  1d790	APP6_2019.elf
'Finished building: APP6_2019.elf.size'
' '
13:19:45 **** Clean-only build of configuration Debug for project APP6_2019 ****
make clean 
rm -rf  ./src/cyclone_tcp/std_services/echo.o  ./src/cyclone_tcp/ipv4/arp.o ./src/cyclone_tcp/ipv4/ipv4.o  ./src/cyclone_tcp/drivers/eth/enc624j600_driver.o  ./src/cyclone_tcp/core/ethernet.o ./src/cyclone_tcp/core/ip.o ./src/cyclone_tcp/core/net.o ./src/cyclone_tcp/core/net_mem.o ./src/cyclone_tcp/core/nic.o ./src/cyclone_tcp/core/socket.o ./src/cyclone_tcp/core/udp.o  ./src/cyclone_tcp/ext_int_driver.o ./src/cyclone_tcp/main.o ./src/cyclone_tcp/spi_driver.o  ./src/common/cpu_endian.o ./src/common/date_time.o ./src/common/os_port_none.o  ./src/cyclone_tcp/std_services/echo.d  ./src/cyclone_tcp/ipv4/arp.d ./src/cyclone_tcp/ipv4/ipv4.d  ./src/cyclone_tcp/drivers/eth/enc624j600_driver.d  ./src/cyclone_tcp/core/ethernet.d ./src/cyclone_tcp/core/ip.d ./src/cyclone_tcp/core/net.d ./src/cyclone_tcp/core/net_mem.d ./src/cyclone_tcp/core/nic.d ./src/cyclone_tcp/core/socket.d ./src/cyclone_tcp/core/udp.d  ./src/cyclone_tcp/ext_int_driver.d ./src/cyclone_tcp/main.d ./src/cyclone_tcp/spi_driver.d  ./src/common/cpu_endian.d ./src/common/date_time.d ./src/common/os_port_none.d  APP6_2019.elf.size  APP6_2019.elf
' '
13:19:45 **** Auto Build of configuration Debug for project APP6_2019 ****
make all 
'Building file: ../src/cyclone_tcp/std_services/echo.c'
'Invoking: MicroBlaze gcc compiler'
mb-gcc -Wall -Os -g -I"C:\Users\jbm\Desktop\S4e-APP6-Vivado_2019\APP6\APP6.sdk\APP6_2019\src\cyclone_tcp" -I"C:\Users\jbm\Desktop\S4e-APP6-Vivado_2019\APP6\APP6.sdk\APP6_2019\src\common" -c -fmessage-length=0 -MT"src/cyclone_tcp/std_services/echo.o" -I../../standalone_bsp_0/microblaze_0/include -mlittle-endian -mno-xl-soft-div -mcpu=v11.0 -mno-xl-soft-mul -mhard-float -mxl-float-convert -mxl-float-sqrt -ffunction-sections -fdata-sections -MMD -MP -MF"src/cyclone_tcp/std_services/echo.d" -MT"src/cyclone_tcp/std_services/echo.o" -o "src/cyclone_tcp/std_services/echo.o" "../src/cyclone_tcp/std_services/echo.c"
'Finished building: ../src/cyclone_tcp/std_services/echo.c'
' '
'Building file: ../src/cyclone_tcp/ipv4/arp.c'
'Invoking: MicroBlaze gcc compiler'
mb-gcc -Wall -Os -g -I"C:\Users\jbm\Desktop\S4e-APP6-Vivado_2019\APP6\APP6.sdk\APP6_2019\src\cyclone_tcp" -I"C:\Users\jbm\Desktop\S4e-APP6-Vivado_2019\APP6\APP6.sdk\APP6_2019\src\common" -c -fmessage-length=0 -MT"src/cyclone_tcp/ipv4/arp.o" -I../../standalone_bsp_0/microblaze_0/include -mlittle-endian -mno-xl-soft-div -mcpu=v11.0 -mno-xl-soft-mul -mhard-float -mxl-float-convert -mxl-float-sqrt -ffunction-sections -fdata-sections -MMD -MP -MF"src/cyclone_tcp/ipv4/arp.d" -MT"src/cyclone_tcp/ipv4/arp.o" -o "src/cyclone_tcp/ipv4/arp.o" "../src/cyclone_tcp/ipv4/arp.c"
'Finished building: ../src/cyclone_tcp/ipv4/arp.c'
' '
'Building file: ../src/cyclone_tcp/ipv4/ipv4.c'
'Invoking: MicroBlaze gcc compiler'
mb-gcc -Wall -Os -g -I"C:\Users\jbm\Desktop\S4e-APP6-Vivado_2019\APP6\APP6.sdk\APP6_2019\src\cyclone_tcp" -I"C:\Users\jbm\Desktop\S4e-APP6-Vivado_2019\APP6\APP6.sdk\APP6_2019\src\common" -c -fmessage-length=0 -MT"src/cyclone_tcp/ipv4/ipv4.o" -I../../standalone_bsp_0/microblaze_0/include -mlittle-endian -mno-xl-soft-div -mcpu=v11.0 -mno-xl-soft-mul -mhard-float -mxl-float-convert -mxl-float-sqrt -ffunction-sections -fdata-sections -MMD -MP -MF"src/cyclone_tcp/ipv4/ipv4.d" -MT"src/cyclone_tcp/ipv4/ipv4.o" -o "src/cyclone_tcp/ipv4/ipv4.o" "../src/cyclone_tcp/ipv4/ipv4.c"
'Finished building: ../src/cyclone_tcp/ipv4/ipv4.c'
' '
'Building file: ../src/cyclone_tcp/drivers/eth/enc624j600_driver.c'
'Invoking: MicroBlaze gcc compiler'
mb-gcc -Wall -Os -g -I"C:\Users\jbm\Desktop\S4e-APP6-Vivado_2019\APP6\APP6.sdk\APP6_2019\src\cyclone_tcp" -I"C:\Users\jbm\Desktop\S4e-APP6-Vivado_2019\APP6\APP6.sdk\APP6_2019\src\common" -c -fmessage-length=0 -MT"src/cyclone_tcp/drivers/eth/enc624j600_driver.o" -I../../standalone_bsp_0/microblaze_0/include -mlittle-endian -mno-xl-soft-div -mcpu=v11.0 -mno-xl-soft-mul -mhard-float -mxl-float-convert -mxl-float-sqrt -ffunction-sections -fdata-sections -MMD -MP -MF"src/cyclone_tcp/drivers/eth/enc624j600_driver.d" -MT"src/cyclone_tcp/drivers/eth/enc624j600_driver.o" -o "src/cyclone_tcp/drivers/eth/enc624j600_driver.o" "../src/cyclone_tcp/drivers/eth/enc624j600_driver.c"
../src/cyclone_tcp/drivers/eth/enc624j600_driver.c: In function 'enc624j600UpdateMacConfig':
../src/cyclone_tcp/drivers/eth/enc624j600_driver.c:565:1: warning: control reaches end of non-void function [-Wreturn-type]
 }
 ^
'Finished building: ../src/cyclone_tcp/drivers/eth/enc624j600_driver.c'
' '
'Building file: ../src/cyclone_tcp/core/ethernet.c'
'Invoking: MicroBlaze gcc compiler'
mb-gcc -Wall -Os -g -I"C:\Users\jbm\Desktop\S4e-APP6-Vivado_2019\APP6\APP6.sdk\APP6_2019\src\cyclone_tcp" -I"C:\Users\jbm\Desktop\S4e-APP6-Vivado_2019\APP6\APP6.sdk\APP6_2019\src\common" -c -fmessage-length=0 -MT"src/cyclone_tcp/core/ethernet.o" -I../../standalone_bsp_0/microblaze_0/include -mlittle-endian -mno-xl-soft-div -mcpu=v11.0 -mno-xl-soft-mul -mhard-float -mxl-float-convert -mxl-float-sqrt -ffunction-sections -fdata-sections -MMD -MP -MF"src/cyclone_tcp/core/ethernet.d" -MT"src/cyclone_tcp/core/ethernet.o" -o "src/cyclone_tcp/core/ethernet.o" "../src/cyclone_tcp/core/ethernet.c"
'Finished building: ../src/cyclone_tcp/core/ethernet.c'
' '
'Building file: ../src/cyclone_tcp/core/ip.c'
'Invoking: MicroBlaze gcc compiler'
mb-gcc -Wall -Os -g -I"C:\Users\jbm\Desktop\S4e-APP6-Vivado_2019\APP6\APP6.sdk\APP6_2019\src\cyclone_tcp" -I"C:\Users\jbm\Desktop\S4e-APP6-Vivado_2019\APP6\APP6.sdk\APP6_2019\src\common" -c -fmessage-length=0 -MT"src/cyclone_tcp/core/ip.o" -I../../standalone_bsp_0/microblaze_0/include -mlittle-endian -mno-xl-soft-div -mcpu=v11.0 -mno-xl-soft-mul -mhard-float -mxl-float-convert -mxl-float-sqrt -ffunction-sections -fdata-sections -MMD -MP -MF"src/cyclone_tcp/core/ip.d" -MT"src/cyclone_tcp/core/ip.o" -o "src/cyclone_tcp/core/ip.o" "../src/cyclone_tcp/core/ip.c"
'Finished building: ../src/cyclone_tcp/core/ip.c'
' '
'Building file: ../src/cyclone_tcp/core/net.c'
'Invoking: MicroBlaze gcc compiler'
mb-gcc -Wall -Os -g -I"C:\Users\jbm\Desktop\S4e-APP6-Vivado_2019\APP6\APP6.sdk\APP6_2019\src\cyclone_tcp" -I"C:\Users\jbm\Desktop\S4e-APP6-Vivado_2019\APP6\APP6.sdk\APP6_2019\src\common" -c -fmessage-length=0 -MT"src/cyclone_tcp/core/net.o" -I../../standalone_bsp_0/microblaze_0/include -mlittle-endian -mno-xl-soft-div -mcpu=v11.0 -mno-xl-soft-mul -mhard-float -mxl-float-convert -mxl-float-sqrt -ffunction-sections -fdata-sections -MMD -MP -MF"src/cyclone_tcp/core/net.d" -MT"src/cyclone_tcp/core/net.o" -o "src/cyclone_tcp/core/net.o" "../src/cyclone_tcp/core/net.c"
'Finished building: ../src/cyclone_tcp/core/net.c'
' '
'Building file: ../src/cyclone_tcp/core/net_mem.c'
'Invoking: MicroBlaze gcc compiler'
mb-gcc -Wall -Os -g -I"C:\Users\jbm\Desktop\S4e-APP6-Vivado_2019\APP6\APP6.sdk\APP6_2019\src\cyclone_tcp" -I"C:\Users\jbm\Desktop\S4e-APP6-Vivado_2019\APP6\APP6.sdk\APP6_2019\src\common" -c -fmessage-length=0 -MT"src/cyclone_tcp/core/net_mem.o" -I../../standalone_bsp_0/microblaze_0/include -mlittle-endian -mno-xl-soft-div -mcpu=v11.0 -mno-xl-soft-mul -mhard-float -mxl-float-convert -mxl-float-sqrt -ffunction-sections -fdata-sections -MMD -MP -MF"src/cyclone_tcp/core/net_mem.d" -MT"src/cyclone_tcp/core/net_mem.o" -o "src/cyclone_tcp/core/net_mem.o" "../src/cyclone_tcp/core/net_mem.c"
'Finished building: ../src/cyclone_tcp/core/net_mem.c'
' '
'Building file: ../src/cyclone_tcp/core/nic.c'
'Invoking: MicroBlaze gcc compiler'
mb-gcc -Wall -Os -g -I"C:\Users\jbm\Desktop\S4e-APP6-Vivado_2019\APP6\APP6.sdk\APP6_2019\src\cyclone_tcp" -I"C:\Users\jbm\Desktop\S4e-APP6-Vivado_2019\APP6\APP6.sdk\APP6_2019\src\common" -c -fmessage-length=0 -MT"src/cyclone_tcp/core/nic.o" -I../../standalone_bsp_0/microblaze_0/include -mlittle-endian -mno-xl-soft-div -mcpu=v11.0 -mno-xl-soft-mul -mhard-float -mxl-float-convert -mxl-float-sqrt -ffunction-sections -fdata-sections -MMD -MP -MF"src/cyclone_tcp/core/nic.d" -MT"src/cyclone_tcp/core/nic.o" -o "src/cyclone_tcp/core/nic.o" "../src/cyclone_tcp/core/nic.c"
'Finished building: ../src/cyclone_tcp/core/nic.c'
' '
'Building file: ../src/cyclone_tcp/core/socket.c'
'Invoking: MicroBlaze gcc compiler'
mb-gcc -Wall -Os -g -I"C:\Users\jbm\Desktop\S4e-APP6-Vivado_2019\APP6\APP6.sdk\APP6_2019\src\cyclone_tcp" -I"C:\Users\jbm\Desktop\S4e-APP6-Vivado_2019\APP6\APP6.sdk\APP6_2019\src\common" -c -fmessage-length=0 -MT"src/cyclone_tcp/core/socket.o" -I../../standalone_bsp_0/microblaze_0/include -mlittle-endian -mno-xl-soft-div -mcpu=v11.0 -mno-xl-soft-mul -mhard-float -mxl-float-convert -mxl-float-sqrt -ffunction-sections -fdata-sections -MMD -MP -MF"src/cyclone_tcp/core/socket.d" -MT"src/cyclone_tcp/core/socket.o" -o "src/cyclone_tcp/core/socket.o" "../src/cyclone_tcp/core/socket.c"
../src/cyclone_tcp/core/socket.c: In function 'getHostByName':
../src/cyclone_tcp/core/socket.c:1071:21: warning: variable 'protocol' set but not used [-Wunused-but-set-variable]
    HostnameResolver protocol = HOST_NAME_RESOLVER_ANY;
                     ^~~~~~~~
'Finished building: ../src/cyclone_tcp/core/socket.c'
' '
'Building file: ../src/cyclone_tcp/core/udp.c'
'Invoking: MicroBlaze gcc compiler'
mb-gcc -Wall -Os -g -I"C:\Users\jbm\Desktop\S4e-APP6-Vivado_2019\APP6\APP6.sdk\APP6_2019\src\cyclone_tcp" -I"C:\Users\jbm\Desktop\S4e-APP6-Vivado_2019\APP6\APP6.sdk\APP6_2019\src\common" -c -fmessage-length=0 -MT"src/cyclone_tcp/core/udp.o" -I../../standalone_bsp_0/microblaze_0/include -mlittle-endian -mno-xl-soft-div -mcpu=v11.0 -mno-xl-soft-mul -mhard-float -mxl-float-convert -mxl-float-sqrt -ffunction-sections -fdata-sections -MMD -MP -MF"src/cyclone_tcp/core/udp.d" -MT"src/cyclone_tcp/core/udp.o" -o "src/cyclone_tcp/core/udp.o" "../src/cyclone_tcp/core/udp.c"
'Finished building: ../src/cyclone_tcp/core/udp.c'
' '
'Building file: ../src/cyclone_tcp/ext_int_driver.c'
'Invoking: MicroBlaze gcc compiler'
mb-gcc -Wall -Os -g -I"C:\Users\jbm\Desktop\S4e-APP6-Vivado_2019\APP6\APP6.sdk\APP6_2019\src\cyclone_tcp" -I"C:\Users\jbm\Desktop\S4e-APP6-Vivado_2019\APP6\APP6.sdk\APP6_2019\src\common" -c -fmessage-length=0 -MT"src/cyclone_tcp/ext_int_driver.o" -I../../standalone_bsp_0/microblaze_0/include -mlittle-endian -mno-xl-soft-div -mcpu=v11.0 -mno-xl-soft-mul -mhard-float -mxl-float-convert -mxl-float-sqrt -ffunction-sections -fdata-sections -MMD -MP -MF"src/cyclone_tcp/ext_int_driver.d" -MT"src/cyclone_tcp/ext_int_driver.o" -o "src/cyclone_tcp/ext_int_driver.o" "../src/cyclone_tcp/ext_int_driver.c"
../src/cyclone_tcp/ext_int_driver.c: In function 'ENC_Int_Handler':
../src/cyclone_tcp/ext_int_driver.c:93:22: warning: unused variable 'status' [-Wunused-variable]
    volatile uint32_t status;
                      ^~~~~~
'Finished building: ../src/cyclone_tcp/ext_int_driver.c'
' '
'Building file: ../src/cyclone_tcp/main.c'
'Invoking: MicroBlaze gcc compiler'
mb-gcc -Wall -Os -g -I"C:\Users\jbm\Desktop\S4e-APP6-Vivado_2019\APP6\APP6.sdk\APP6_2019\src\cyclone_tcp" -I"C:\Users\jbm\Desktop\S4e-APP6-Vivado_2019\APP6\APP6.sdk\APP6_2019\src\common" -c -fmessage-length=0 -MT"src/cyclone_tcp/main.o" -I../../standalone_bsp_0/microblaze_0/include -mlittle-endian -mno-xl-soft-div -mcpu=v11.0 -mno-xl-soft-mul -mhard-float -mxl-float-convert -mxl-float-sqrt -ffunction-sections -fdata-sections -MMD -MP -MF"src/cyclone_tcp/main.d" -MT"src/cyclone_tcp/main.o" -o "src/cyclone_tcp/main.o" "../src/cyclone_tcp/main.c"
../src/cyclone_tcp/main.c: In function 'systemInit':
../src/cyclone_tcp/main.c:89:12: warning: variable 'error' set but not used [-Wunused-but-set-variable]
    error_t error;
            ^~~~~
../src/cyclone_tcp/main.c: In function 'SetupInterruptSystem':
../src/cyclone_tcp/main.c:171:6: warning: variable 'Status' set but not used [-Wunused-but-set-variable]
  int Status;
      ^~~~~~
../src/cyclone_tcp/main.c: In function 'uartInit':
../src/cyclone_tcp/main.c:231:6: warning: unused variable 'Index' [-Wunused-variable]
  int Index;
      ^~~~~
../src/cyclone_tcp/main.c:230:15: warning: unused variable 'SentCount' [-Wunused-variable]
  unsigned int SentCount;
               ^~~~~~~~~
../src/cyclone_tcp/main.c:229:6: warning: variable 'Status' set but not used [-Wunused-but-set-variable]
  int Status;
      ^~~~~~
../src/cyclone_tcp/main.c: In function 'main':
../src/cyclone_tcp/main.c:257:9: warning: unused variable 'c' [-Wunused-variable]
    char c;
         ^
'Finished building: ../src/cyclone_tcp/main.c'
' '
'Building file: ../src/cyclone_tcp/spi_driver.c'
'Invoking: MicroBlaze gcc compiler'
mb-gcc -Wall -Os -g -I"C:\Users\jbm\Desktop\S4e-APP6-Vivado_2019\APP6\APP6.sdk\APP6_2019\src\cyclone_tcp" -I"C:\Users\jbm\Desktop\S4e-APP6-Vivado_2019\APP6\APP6.sdk\APP6_2019\src\common" -c -fmessage-length=0 -MT"src/cyclone_tcp/spi_driver.o" -I../../standalone_bsp_0/microblaze_0/include -mlittle-endian -mno-xl-soft-div -mcpu=v11.0 -mno-xl-soft-mul -mhard-float -mxl-float-convert -mxl-float-sqrt -ffunction-sections -fdata-sections -MMD -MP -MF"src/cyclone_tcp/spi_driver.d" -MT"src/cyclone_tcp/spi_driver.o" -o "src/cyclone_tcp/spi_driver.o" "../src/cyclone_tcp/spi_driver.c"
'Finished building: ../src/cyclone_tcp/spi_driver.c'
' '
'Building file: ../src/common/cpu_endian.c'
'Invoking: MicroBlaze gcc compiler'
mb-gcc -Wall -Os -g -I"C:\Users\jbm\Desktop\S4e-APP6-Vivado_2019\APP6\APP6.sdk\APP6_2019\src\cyclone_tcp" -I"C:\Users\jbm\Desktop\S4e-APP6-Vivado_2019\APP6\APP6.sdk\APP6_2019\src\common" -c -fmessage-length=0 -MT"src/common/cpu_endian.o" -I../../standalone_bsp_0/microblaze_0/include -mlittle-endian -mno-xl-soft-div -mcpu=v11.0 -mno-xl-soft-mul -mhard-float -mxl-float-convert -mxl-float-sqrt -ffunction-sections -fdata-sections -MMD -MP -MF"src/common/cpu_endian.d" -MT"src/common/cpu_endian.o" -o "src/common/cpu_endian.o" "../src/common/cpu_endian.c"
'Finished building: ../src/common/cpu_endian.c'
' '
'Building file: ../src/common/date_time.c'
'Invoking: MicroBlaze gcc compiler'
mb-gcc -Wall -Os -g -I"C:\Users\jbm\Desktop\S4e-APP6-Vivado_2019\APP6\APP6.sdk\APP6_2019\src\cyclone_tcp" -I"C:\Users\jbm\Desktop\S4e-APP6-Vivado_2019\APP6\APP6.sdk\APP6_2019\src\common" -c -fmessage-length=0 -MT"src/common/date_time.o" -I../../standalone_bsp_0/microblaze_0/include -mlittle-endian -mno-xl-soft-div -mcpu=v11.0 -mno-xl-soft-mul -mhard-float -mxl-float-convert -mxl-float-sqrt -ffunction-sections -fdata-sections -MMD -MP -MF"src/common/date_time.d" -MT"src/common/date_time.o" -o "src/common/date_time.o" "../src/common/date_time.c"
'Finished building: ../src/common/date_time.c'
' '
'Building file: ../src/common/os_port_none.c'
'Invoking: MicroBlaze gcc compiler'
mb-gcc -Wall -Os -g -I"C:\Users\jbm\Desktop\S4e-APP6-Vivado_2019\APP6\APP6.sdk\APP6_2019\src\cyclone_tcp" -I"C:\Users\jbm\Desktop\S4e-APP6-Vivado_2019\APP6\APP6.sdk\APP6_2019\src\common" -c -fmessage-length=0 -MT"src/common/os_port_none.o" -I../../standalone_bsp_0/microblaze_0/include -mlittle-endian -mno-xl-soft-div -mcpu=v11.0 -mno-xl-soft-mul -mhard-float -mxl-float-convert -mxl-float-sqrt -ffunction-sections -fdata-sections -MMD -MP -MF"src/common/os_port_none.d" -MT"src/common/os_port_none.o" -o "src/common/os_port_none.o" "../src/common/os_port_none.c"
'Finished building: ../src/common/os_port_none.c'
' '
'Building target: APP6_2019.elf'
'Invoking: MicroBlaze gcc linker'
mb-gcc -Xlinker -Wl,-Map=output.map -Wl,-T -Wl,../src/lscript.ld -L../../standalone_bsp_0/microblaze_0/lib -mlittle-endian -mno-xl-soft-div -mcpu=v11.0 -mno-xl-soft-mul -mhard-float -mxl-float-convert -mxl-float-sqrt -Wl,--gc-sections -o "APP6_2019.elf"  ./src/cyclone_tcp/std_services/echo.o  ./src/cyclone_tcp/ipv4/arp.o ./src/cyclone_tcp/ipv4/ipv4.o  ./src/cyclone_tcp/drivers/eth/enc624j600_driver.o  ./src/cyclone_tcp/core/ethernet.o ./src/cyclone_tcp/core/ip.o ./src/cyclone_tcp/core/net.o ./src/cyclone_tcp/core/net_mem.o ./src/cyclone_tcp/core/nic.o ./src/cyclone_tcp/core/socket.o ./src/cyclone_tcp/core/udp.o  ./src/cyclone_tcp/ext_int_driver.o ./src/cyclone_tcp/main.o ./src/cyclone_tcp/spi_driver.o  ./src/common/cpu_endian.o ./src/common/date_time.o ./src/common/os_port_none.o   -Wl,--start-group,-lxil,-lgcc,-lc,--end-group
c:/xilinx/sdk/2019.1/gnu/microblaze/nt/bin/../lib/gcc/microblaze-xilinx-elf/8.2.0/../../../../microblaze-xilinx-elf/bin/ld.exe: unrecognized option '-Wl,-Map=output.map'
c:/xilinx/sdk/2019.1/gnu/microblaze/nt/bin/../lib/gcc/microblaze-xilinx-elf/8.2.0/../../../../microblaze-xilinx-elf/bin/ld.exe: use the --help option for usage information
collect2.exe: error: ld returned 1 exit status
make: *** [makefile:43: APP6_2019.elf] Error 1
13:20:11 **** Clean-only build of configuration Debug for project APP6_2019 ****
make clean 
rm -rf  ./src/cyclone_tcp/std_services/echo.o  ./src/cyclone_tcp/ipv4/arp.o ./src/cyclone_tcp/ipv4/ipv4.o  ./src/cyclone_tcp/drivers/eth/enc624j600_driver.o  ./src/cyclone_tcp/core/ethernet.o ./src/cyclone_tcp/core/ip.o ./src/cyclone_tcp/core/net.o ./src/cyclone_tcp/core/net_mem.o ./src/cyclone_tcp/core/nic.o ./src/cyclone_tcp/core/socket.o ./src/cyclone_tcp/core/udp.o  ./src/cyclone_tcp/ext_int_driver.o ./src/cyclone_tcp/main.o ./src/cyclone_tcp/spi_driver.o  ./src/common/cpu_endian.o ./src/common/date_time.o ./src/common/os_port_none.o  ./src/cyclone_tcp/std_services/echo.d  ./src/cyclone_tcp/ipv4/arp.d ./src/cyclone_tcp/ipv4/ipv4.d  ./src/cyclone_tcp/drivers/eth/enc624j600_driver.d  ./src/cyclone_tcp/core/ethernet.d ./src/cyclone_tcp/core/ip.d ./src/cyclone_tcp/core/net.d ./src/cyclone_tcp/core/net_mem.d ./src/cyclone_tcp/core/nic.d ./src/cyclone_tcp/core/socket.d ./src/cyclone_tcp/core/udp.d  ./src/cyclone_tcp/ext_int_driver.d ./src/cyclone_tcp/main.d ./src/cyclone_tcp/spi_driver.d  ./src/common/cpu_endian.d ./src/common/date_time.d ./src/common/os_port_none.d  APP6_2019.elf.size  APP6_2019.elf
' '
13:20:12 **** Auto Build of configuration Debug for project APP6_2019 ****
make all 
'Building file: ../src/cyclone_tcp/std_services/echo.c'
'Invoking: MicroBlaze gcc compiler'
mb-gcc -Wall -Os -g -I"C:\Users\jbm\Desktop\S4e-APP6-Vivado_2019\APP6\APP6.sdk\APP6_2019\src\cyclone_tcp" -I"C:\Users\jbm\Desktop\S4e-APP6-Vivado_2019\APP6\APP6.sdk\APP6_2019\src\common" -c -fmessage-length=0 -MT"src/cyclone_tcp/std_services/echo.o" -I../../standalone_bsp_0/microblaze_0/include -mlittle-endian -mno-xl-soft-div -mcpu=v11.0 -mno-xl-soft-mul -mhard-float -mxl-float-convert -mxl-float-sqrt -ffunction-sections -fdata-sections -MMD -MP -MF"src/cyclone_tcp/std_services/echo.d" -MT"src/cyclone_tcp/std_services/echo.o" -o "src/cyclone_tcp/std_services/echo.o" "../src/cyclone_tcp/std_services/echo.c"
'Finished building: ../src/cyclone_tcp/std_services/echo.c'
' '
'Building file: ../src/cyclone_tcp/ipv4/arp.c'
'Invoking: MicroBlaze gcc compiler'
mb-gcc -Wall -Os -g -I"C:\Users\jbm\Desktop\S4e-APP6-Vivado_2019\APP6\APP6.sdk\APP6_2019\src\cyclone_tcp" -I"C:\Users\jbm\Desktop\S4e-APP6-Vivado_2019\APP6\APP6.sdk\APP6_2019\src\common" -c -fmessage-length=0 -MT"src/cyclone_tcp/ipv4/arp.o" -I../../standalone_bsp_0/microblaze_0/include -mlittle-endian -mno-xl-soft-div -mcpu=v11.0 -mno-xl-soft-mul -mhard-float -mxl-float-convert -mxl-float-sqrt -ffunction-sections -fdata-sections -MMD -MP -MF"src/cyclone_tcp/ipv4/arp.d" -MT"src/cyclone_tcp/ipv4/arp.o" -o "src/cyclone_tcp/ipv4/arp.o" "../src/cyclone_tcp/ipv4/arp.c"
'Finished building: ../src/cyclone_tcp/ipv4/arp.c'
' '
'Building file: ../src/cyclone_tcp/ipv4/ipv4.c'
'Invoking: MicroBlaze gcc compiler'
mb-gcc -Wall -Os -g -I"C:\Users\jbm\Desktop\S4e-APP6-Vivado_2019\APP6\APP6.sdk\APP6_2019\src\cyclone_tcp" -I"C:\Users\jbm\Desktop\S4e-APP6-Vivado_2019\APP6\APP6.sdk\APP6_2019\src\common" -c -fmessage-length=0 -MT"src/cyclone_tcp/ipv4/ipv4.o" -I../../standalone_bsp_0/microblaze_0/include -mlittle-endian -mno-xl-soft-div -mcpu=v11.0 -mno-xl-soft-mul -mhard-float -mxl-float-convert -mxl-float-sqrt -ffunction-sections -fdata-sections -MMD -MP -MF"src/cyclone_tcp/ipv4/ipv4.d" -MT"src/cyclone_tcp/ipv4/ipv4.o" -o "src/cyclone_tcp/ipv4/ipv4.o" "../src/cyclone_tcp/ipv4/ipv4.c"
'Finished building: ../src/cyclone_tcp/ipv4/ipv4.c'
' '
'Building file: ../src/cyclone_tcp/drivers/eth/enc624j600_driver.c'
'Invoking: MicroBlaze gcc compiler'
mb-gcc -Wall -Os -g -I"C:\Users\jbm\Desktop\S4e-APP6-Vivado_2019\APP6\APP6.sdk\APP6_2019\src\cyclone_tcp" -I"C:\Users\jbm\Desktop\S4e-APP6-Vivado_2019\APP6\APP6.sdk\APP6_2019\src\common" -c -fmessage-length=0 -MT"src/cyclone_tcp/drivers/eth/enc624j600_driver.o" -I../../standalone_bsp_0/microblaze_0/include -mlittle-endian -mno-xl-soft-div -mcpu=v11.0 -mno-xl-soft-mul -mhard-float -mxl-float-convert -mxl-float-sqrt -ffunction-sections -fdata-sections -MMD -MP -MF"src/cyclone_tcp/drivers/eth/enc624j600_driver.d" -MT"src/cyclone_tcp/drivers/eth/enc624j600_driver.o" -o "src/cyclone_tcp/drivers/eth/enc624j600_driver.o" "../src/cyclone_tcp/drivers/eth/enc624j600_driver.c"
../src/cyclone_tcp/drivers/eth/enc624j600_driver.c: In function 'enc624j600UpdateMacConfig':
../src/cyclone_tcp/drivers/eth/enc624j600_driver.c:565:1: warning: control reaches end of non-void function [-Wreturn-type]
 }
 ^
'Finished building: ../src/cyclone_tcp/drivers/eth/enc624j600_driver.c'
' '
'Building file: ../src/cyclone_tcp/core/ethernet.c'
'Invoking: MicroBlaze gcc compiler'
mb-gcc -Wall -Os -g -I"C:\Users\jbm\Desktop\S4e-APP6-Vivado_2019\APP6\APP6.sdk\APP6_2019\src\cyclone_tcp" -I"C:\Users\jbm\Desktop\S4e-APP6-Vivado_2019\APP6\APP6.sdk\APP6_2019\src\common" -c -fmessage-length=0 -MT"src/cyclone_tcp/core/ethernet.o" -I../../standalone_bsp_0/microblaze_0/include -mlittle-endian -mno-xl-soft-div -mcpu=v11.0 -mno-xl-soft-mul -mhard-float -mxl-float-convert -mxl-float-sqrt -ffunction-sections -fdata-sections -MMD -MP -MF"src/cyclone_tcp/core/ethernet.d" -MT"src/cyclone_tcp/core/ethernet.o" -o "src/cyclone_tcp/core/ethernet.o" "../src/cyclone_tcp/core/ethernet.c"
'Finished building: ../src/cyclone_tcp/core/ethernet.c'
' '
'Building file: ../src/cyclone_tcp/core/ip.c'
'Invoking: MicroBlaze gcc compiler'
mb-gcc -Wall -Os -g -I"C:\Users\jbm\Desktop\S4e-APP6-Vivado_2019\APP6\APP6.sdk\APP6_2019\src\cyclone_tcp" -I"C:\Users\jbm\Desktop\S4e-APP6-Vivado_2019\APP6\APP6.sdk\APP6_2019\src\common" -c -fmessage-length=0 -MT"src/cyclone_tcp/core/ip.o" -I../../standalone_bsp_0/microblaze_0/include -mlittle-endian -mno-xl-soft-div -mcpu=v11.0 -mno-xl-soft-mul -mhard-float -mxl-float-convert -mxl-float-sqrt -ffunction-sections -fdata-sections -MMD -MP -MF"src/cyclone_tcp/core/ip.d" -MT"src/cyclone_tcp/core/ip.o" -o "src/cyclone_tcp/core/ip.o" "../src/cyclone_tcp/core/ip.c"
'Finished building: ../src/cyclone_tcp/core/ip.c'
' '
'Building file: ../src/cyclone_tcp/core/net.c'
'Invoking: MicroBlaze gcc compiler'
mb-gcc -Wall -Os -g -I"C:\Users\jbm\Desktop\S4e-APP6-Vivado_2019\APP6\APP6.sdk\APP6_2019\src\cyclone_tcp" -I"C:\Users\jbm\Desktop\S4e-APP6-Vivado_2019\APP6\APP6.sdk\APP6_2019\src\common" -c -fmessage-length=0 -MT"src/cyclone_tcp/core/net.o" -I../../standalone_bsp_0/microblaze_0/include -mlittle-endian -mno-xl-soft-div -mcpu=v11.0 -mno-xl-soft-mul -mhard-float -mxl-float-convert -mxl-float-sqrt -ffunction-sections -fdata-sections -MMD -MP -MF"src/cyclone_tcp/core/net.d" -MT"src/cyclone_tcp/core/net.o" -o "src/cyclone_tcp/core/net.o" "../src/cyclone_tcp/core/net.c"
'Finished building: ../src/cyclone_tcp/core/net.c'
' '
'Building file: ../src/cyclone_tcp/core/net_mem.c'
'Invoking: MicroBlaze gcc compiler'
mb-gcc -Wall -Os -g -I"C:\Users\jbm\Desktop\S4e-APP6-Vivado_2019\APP6\APP6.sdk\APP6_2019\src\cyclone_tcp" -I"C:\Users\jbm\Desktop\S4e-APP6-Vivado_2019\APP6\APP6.sdk\APP6_2019\src\common" -c -fmessage-length=0 -MT"src/cyclone_tcp/core/net_mem.o" -I../../standalone_bsp_0/microblaze_0/include -mlittle-endian -mno-xl-soft-div -mcpu=v11.0 -mno-xl-soft-mul -mhard-float -mxl-float-convert -mxl-float-sqrt -ffunction-sections -fdata-sections -MMD -MP -MF"src/cyclone_tcp/core/net_mem.d" -MT"src/cyclone_tcp/core/net_mem.o" -o "src/cyclone_tcp/core/net_mem.o" "../src/cyclone_tcp/core/net_mem.c"
'Finished building: ../src/cyclone_tcp/core/net_mem.c'
' '
'Building file: ../src/cyclone_tcp/core/nic.c'
'Invoking: MicroBlaze gcc compiler'
mb-gcc -Wall -Os -g -I"C:\Users\jbm\Desktop\S4e-APP6-Vivado_2019\APP6\APP6.sdk\APP6_2019\src\cyclone_tcp" -I"C:\Users\jbm\Desktop\S4e-APP6-Vivado_2019\APP6\APP6.sdk\APP6_2019\src\common" -c -fmessage-length=0 -MT"src/cyclone_tcp/core/nic.o" -I../../standalone_bsp_0/microblaze_0/include -mlittle-endian -mno-xl-soft-div -mcpu=v11.0 -mno-xl-soft-mul -mhard-float -mxl-float-convert -mxl-float-sqrt -ffunction-sections -fdata-sections -MMD -MP -MF"src/cyclone_tcp/core/nic.d" -MT"src/cyclone_tcp/core/nic.o" -o "src/cyclone_tcp/core/nic.o" "../src/cyclone_tcp/core/nic.c"
'Finished building: ../src/cyclone_tcp/core/nic.c'
' '
'Building file: ../src/cyclone_tcp/core/socket.c'
'Invoking: MicroBlaze gcc compiler'
mb-gcc -Wall -Os -g -I"C:\Users\jbm\Desktop\S4e-APP6-Vivado_2019\APP6\APP6.sdk\APP6_2019\src\cyclone_tcp" -I"C:\Users\jbm\Desktop\S4e-APP6-Vivado_2019\APP6\APP6.sdk\APP6_2019\src\common" -c -fmessage-length=0 -MT"src/cyclone_tcp/core/socket.o" -I../../standalone_bsp_0/microblaze_0/include -mlittle-endian -mno-xl-soft-div -mcpu=v11.0 -mno-xl-soft-mul -mhard-float -mxl-float-convert -mxl-float-sqrt -ffunction-sections -fdata-sections -MMD -MP -MF"src/cyclone_tcp/core/socket.d" -MT"src/cyclone_tcp/core/socket.o" -o "src/cyclone_tcp/core/socket.o" "../src/cyclone_tcp/core/socket.c"
../src/cyclone_tcp/core/socket.c: In function 'getHostByName':
../src/cyclone_tcp/core/socket.c:1071:21: warning: variable 'protocol' set but not used [-Wunused-but-set-variable]
    HostnameResolver protocol = HOST_NAME_RESOLVER_ANY;
                     ^~~~~~~~
'Finished building: ../src/cyclone_tcp/core/socket.c'
' '
'Building file: ../src/cyclone_tcp/core/udp.c'
'Invoking: MicroBlaze gcc compiler'
mb-gcc -Wall -Os -g -I"C:\Users\jbm\Desktop\S4e-APP6-Vivado_2019\APP6\APP6.sdk\APP6_2019\src\cyclone_tcp" -I"C:\Users\jbm\Desktop\S4e-APP6-Vivado_2019\APP6\APP6.sdk\APP6_2019\src\common" -c -fmessage-length=0 -MT"src/cyclone_tcp/core/udp.o" -I../../standalone_bsp_0/microblaze_0/include -mlittle-endian -mno-xl-soft-div -mcpu=v11.0 -mno-xl-soft-mul -mhard-float -mxl-float-convert -mxl-float-sqrt -ffunction-sections -fdata-sections -MMD -MP -MF"src/cyclone_tcp/core/udp.d" -MT"src/cyclone_tcp/core/udp.o" -o "src/cyclone_tcp/core/udp.o" "../src/cyclone_tcp/core/udp.c"
'Finished building: ../src/cyclone_tcp/core/udp.c'
' '
'Building file: ../src/cyclone_tcp/ext_int_driver.c'
'Invoking: MicroBlaze gcc compiler'
mb-gcc -Wall -Os -g -I"C:\Users\jbm\Desktop\S4e-APP6-Vivado_2019\APP6\APP6.sdk\APP6_2019\src\cyclone_tcp" -I"C:\Users\jbm\Desktop\S4e-APP6-Vivado_2019\APP6\APP6.sdk\APP6_2019\src\common" -c -fmessage-length=0 -MT"src/cyclone_tcp/ext_int_driver.o" -I../../standalone_bsp_0/microblaze_0/include -mlittle-endian -mno-xl-soft-div -mcpu=v11.0 -mno-xl-soft-mul -mhard-float -mxl-float-convert -mxl-float-sqrt -ffunction-sections -fdata-sections -MMD -MP -MF"src/cyclone_tcp/ext_int_driver.d" -MT"src/cyclone_tcp/ext_int_driver.o" -o "src/cyclone_tcp/ext_int_driver.o" "../src/cyclone_tcp/ext_int_driver.c"
../src/cyclone_tcp/ext_int_driver.c: In function 'ENC_Int_Handler':
../src/cyclone_tcp/ext_int_driver.c:93:22: warning: unused variable 'status' [-Wunused-variable]
    volatile uint32_t status;
                      ^~~~~~
'Finished building: ../src/cyclone_tcp/ext_int_driver.c'
' '
'Building file: ../src/cyclone_tcp/main.c'
'Invoking: MicroBlaze gcc compiler'
mb-gcc -Wall -Os -g -I"C:\Users\jbm\Desktop\S4e-APP6-Vivado_2019\APP6\APP6.sdk\APP6_2019\src\cyclone_tcp" -I"C:\Users\jbm\Desktop\S4e-APP6-Vivado_2019\APP6\APP6.sdk\APP6_2019\src\common" -c -fmessage-length=0 -MT"src/cyclone_tcp/main.o" -I../../standalone_bsp_0/microblaze_0/include -mlittle-endian -mno-xl-soft-div -mcpu=v11.0 -mno-xl-soft-mul -mhard-float -mxl-float-convert -mxl-float-sqrt -ffunction-sections -fdata-sections -MMD -MP -MF"src/cyclone_tcp/main.d" -MT"src/cyclone_tcp/main.o" -o "src/cyclone_tcp/main.o" "../src/cyclone_tcp/main.c"
../src/cyclone_tcp/main.c: In function 'systemInit':
../src/cyclone_tcp/main.c:89:12: warning: variable 'error' set but not used [-Wunused-but-set-variable]
    error_t error;
            ^~~~~
../src/cyclone_tcp/main.c: In function 'SetupInterruptSystem':
../src/cyclone_tcp/main.c:171:6: warning: variable 'Status' set but not used [-Wunused-but-set-variable]
  int Status;
      ^~~~~~
../src/cyclone_tcp/main.c: In function 'uartInit':
../src/cyclone_tcp/main.c:231:6: warning: unused variable 'Index' [-Wunused-variable]
  int Index;
      ^~~~~
../src/cyclone_tcp/main.c:230:15: warning: unused variable 'SentCount' [-Wunused-variable]
  unsigned int SentCount;
               ^~~~~~~~~
../src/cyclone_tcp/main.c:229:6: warning: variable 'Status' set but not used [-Wunused-but-set-variable]
  int Status;
      ^~~~~~
../src/cyclone_tcp/main.c: In function 'main':
../src/cyclone_tcp/main.c:257:9: warning: unused variable 'c' [-Wunused-variable]
    char c;
         ^
'Finished building: ../src/cyclone_tcp/main.c'
' '
'Building file: ../src/cyclone_tcp/spi_driver.c'
'Invoking: MicroBlaze gcc compiler'
mb-gcc -Wall -Os -g -I"C:\Users\jbm\Desktop\S4e-APP6-Vivado_2019\APP6\APP6.sdk\APP6_2019\src\cyclone_tcp" -I"C:\Users\jbm\Desktop\S4e-APP6-Vivado_2019\APP6\APP6.sdk\APP6_2019\src\common" -c -fmessage-length=0 -MT"src/cyclone_tcp/spi_driver.o" -I../../standalone_bsp_0/microblaze_0/include -mlittle-endian -mno-xl-soft-div -mcpu=v11.0 -mno-xl-soft-mul -mhard-float -mxl-float-convert -mxl-float-sqrt -ffunction-sections -fdata-sections -MMD -MP -MF"src/cyclone_tcp/spi_driver.d" -MT"src/cyclone_tcp/spi_driver.o" -o "src/cyclone_tcp/spi_driver.o" "../src/cyclone_tcp/spi_driver.c"
'Finished building: ../src/cyclone_tcp/spi_driver.c'
' '
'Building file: ../src/common/cpu_endian.c'
'Invoking: MicroBlaze gcc compiler'
mb-gcc -Wall -Os -g -I"C:\Users\jbm\Desktop\S4e-APP6-Vivado_2019\APP6\APP6.sdk\APP6_2019\src\cyclone_tcp" -I"C:\Users\jbm\Desktop\S4e-APP6-Vivado_2019\APP6\APP6.sdk\APP6_2019\src\common" -c -fmessage-length=0 -MT"src/common/cpu_endian.o" -I../../standalone_bsp_0/microblaze_0/include -mlittle-endian -mno-xl-soft-div -mcpu=v11.0 -mno-xl-soft-mul -mhard-float -mxl-float-convert -mxl-float-sqrt -ffunction-sections -fdata-sections -MMD -MP -MF"src/common/cpu_endian.d" -MT"src/common/cpu_endian.o" -o "src/common/cpu_endian.o" "../src/common/cpu_endian.c"
'Finished building: ../src/common/cpu_endian.c'
' '
'Building file: ../src/common/date_time.c'
'Invoking: MicroBlaze gcc compiler'
mb-gcc -Wall -Os -g -I"C:\Users\jbm\Desktop\S4e-APP6-Vivado_2019\APP6\APP6.sdk\APP6_2019\src\cyclone_tcp" -I"C:\Users\jbm\Desktop\S4e-APP6-Vivado_2019\APP6\APP6.sdk\APP6_2019\src\common" -c -fmessage-length=0 -MT"src/common/date_time.o" -I../../standalone_bsp_0/microblaze_0/include -mlittle-endian -mno-xl-soft-div -mcpu=v11.0 -mno-xl-soft-mul -mhard-float -mxl-float-convert -mxl-float-sqrt -ffunction-sections -fdata-sections -MMD -MP -MF"src/common/date_time.d" -MT"src/common/date_time.o" -o "src/common/date_time.o" "../src/common/date_time.c"
'Finished building: ../src/common/date_time.c'
' '
'Building file: ../src/common/os_port_none.c'
'Invoking: MicroBlaze gcc compiler'
mb-gcc -Wall -Os -g -I"C:\Users\jbm\Desktop\S4e-APP6-Vivado_2019\APP6\APP6.sdk\APP6_2019\src\cyclone_tcp" -I"C:\Users\jbm\Desktop\S4e-APP6-Vivado_2019\APP6\APP6.sdk\APP6_2019\src\common" -c -fmessage-length=0 -MT"src/common/os_port_none.o" -I../../standalone_bsp_0/microblaze_0/include -mlittle-endian -mno-xl-soft-div -mcpu=v11.0 -mno-xl-soft-mul -mhard-float -mxl-float-convert -mxl-float-sqrt -ffunction-sections -fdata-sections -MMD -MP -MF"src/common/os_port_none.d" -MT"src/common/os_port_none.o" -o "src/common/os_port_none.o" "../src/common/os_port_none.c"
'Finished building: ../src/common/os_port_none.c'
' '
'Building target: APP6_2019.elf'
'Invoking: MicroBlaze gcc linker'
mb-gcc -Xlinker -Map=output.map -Wl,-T -Wl,../src/lscript.ld -L../../standalone_bsp_0/microblaze_0/lib -mlittle-endian -mno-xl-soft-div -mcpu=v11.0 -mno-xl-soft-mul -mhard-float -mxl-float-convert -mxl-float-sqrt -Wl,--gc-sections -o "APP6_2019.elf"  ./src/cyclone_tcp/std_services/echo.o  ./src/cyclone_tcp/ipv4/arp.o ./src/cyclone_tcp/ipv4/ipv4.o  ./src/cyclone_tcp/drivers/eth/enc624j600_driver.o  ./src/cyclone_tcp/core/ethernet.o ./src/cyclone_tcp/core/ip.o ./src/cyclone_tcp/core/net.o ./src/cyclone_tcp/core/net_mem.o ./src/cyclone_tcp/core/nic.o ./src/cyclone_tcp/core/socket.o ./src/cyclone_tcp/core/udp.o  ./src/cyclone_tcp/ext_int_driver.o ./src/cyclone_tcp/main.o ./src/cyclone_tcp/spi_driver.o  ./src/common/cpu_endian.o ./src/common/date_time.o ./src/common/os_port_none.o   -Wl,--start-group,-lxil,-lgcc,-lc,--end-group
'Finished building target: APP6_2019.elf'
' '
'Invoking: MicroBlaze Print Size'
mb-size APP6_2019.elf  |tee "APP6_2019.elf.size"
   text	   data	    bss	    dec	    hex	filename
 112004	   1856	   6860	 120720	  1d790	APP6_2019.elf
'Finished building: APP6_2019.elf.size'
' '
13:29:12 **** Clean-only build of configuration Debug for project APP6_2019 ****
make clean 
rm -rf  ./src/cyclone_tcp/std_services/echo.o  ./src/cyclone_tcp/ipv4/arp.o ./src/cyclone_tcp/ipv4/ipv4.o  ./src/cyclone_tcp/drivers/eth/enc624j600_driver.o  ./src/cyclone_tcp/core/ethernet.o ./src/cyclone_tcp/core/ip.o ./src/cyclone_tcp/core/net.o ./src/cyclone_tcp/core/net_mem.o ./src/cyclone_tcp/core/nic.o ./src/cyclone_tcp/core/socket.o ./src/cyclone_tcp/core/udp.o  ./src/cyclone_tcp/ext_int_driver.o ./src/cyclone_tcp/main.o ./src/cyclone_tcp/spi_driver.o  ./src/common/cpu_endian.o ./src/common/date_time.o ./src/common/os_port_none.o  ./src/cyclone_tcp/std_services/echo.d  ./src/cyclone_tcp/ipv4/arp.d ./src/cyclone_tcp/ipv4/ipv4.d  ./src/cyclone_tcp/drivers/eth/enc624j600_driver.d  ./src/cyclone_tcp/core/ethernet.d ./src/cyclone_tcp/core/ip.d ./src/cyclone_tcp/core/net.d ./src/cyclone_tcp/core/net_mem.d ./src/cyclone_tcp/core/nic.d ./src/cyclone_tcp/core/socket.d ./src/cyclone_tcp/core/udp.d  ./src/cyclone_tcp/ext_int_driver.d ./src/cyclone_tcp/main.d ./src/cyclone_tcp/spi_driver.d  ./src/common/cpu_endian.d ./src/common/date_time.d ./src/common/os_port_none.d  APP6_2019.elf.size  APP6_2019.elf
' '
13:29:12 **** Auto Build of configuration Debug for project APP6_2019 ****
make all 
'Building file: ../src/cyclone_tcp/std_services/echo.c'
'Invoking: MicroBlaze gcc compiler'
mb-gcc -Wall -Os -g -I"C:\Users\jbm\Desktop\S4e-APP6-Vivado_2019\APP6\APP6.sdk\APP6_2019\src\cyclone_tcp" -I"C:\Users\jbm\Desktop\S4e-APP6-Vivado_2019\APP6\APP6.sdk\APP6_2019\src\common" -c -fmessage-length=0 -MT"src/cyclone_tcp/std_services/echo.o" -flto -I../../standalone_bsp_0/microblaze_0/include -mlittle-endian -mno-xl-soft-div -mcpu=v11.0 -mno-xl-soft-mul -mhard-float -mxl-float-convert -mxl-float-sqrt -ffunction-sections -fdata-sections -MMD -MP -MF"src/cyclone_tcp/std_services/echo.d" -MT"src/cyclone_tcp/std_services/echo.o" -o "src/cyclone_tcp/std_services/echo.o" "../src/cyclone_tcp/std_services/echo.c"
'Finished building: ../src/cyclone_tcp/std_services/echo.c'
' '
'Building file: ../src/cyclone_tcp/ipv4/arp.c'
'Invoking: MicroBlaze gcc compiler'
mb-gcc -Wall -Os -g -I"C:\Users\jbm\Desktop\S4e-APP6-Vivado_2019\APP6\APP6.sdk\APP6_2019\src\cyclone_tcp" -I"C:\Users\jbm\Desktop\S4e-APP6-Vivado_2019\APP6\APP6.sdk\APP6_2019\src\common" -c -fmessage-length=0 -MT"src/cyclone_tcp/ipv4/arp.o" -flto -I../../standalone_bsp_0/microblaze_0/include -mlittle-endian -mno-xl-soft-div -mcpu=v11.0 -mno-xl-soft-mul -mhard-float -mxl-float-convert -mxl-float-sqrt -ffunction-sections -fdata-sections -MMD -MP -MF"src/cyclone_tcp/ipv4/arp.d" -MT"src/cyclone_tcp/ipv4/arp.o" -o "src/cyclone_tcp/ipv4/arp.o" "../src/cyclone_tcp/ipv4/arp.c"
'Finished building: ../src/cyclone_tcp/ipv4/arp.c'
' '
'Building file: ../src/cyclone_tcp/ipv4/ipv4.c'
'Invoking: MicroBlaze gcc compiler'
mb-gcc -Wall -Os -g -I"C:\Users\jbm\Desktop\S4e-APP6-Vivado_2019\APP6\APP6.sdk\APP6_2019\src\cyclone_tcp" -I"C:\Users\jbm\Desktop\S4e-APP6-Vivado_2019\APP6\APP6.sdk\APP6_2019\src\common" -c -fmessage-length=0 -MT"src/cyclone_tcp/ipv4/ipv4.o" -flto -I../../standalone_bsp_0/microblaze_0/include -mlittle-endian -mno-xl-soft-div -mcpu=v11.0 -mno-xl-soft-mul -mhard-float -mxl-float-convert -mxl-float-sqrt -ffunction-sections -fdata-sections -MMD -MP -MF"src/cyclone_tcp/ipv4/ipv4.d" -MT"src/cyclone_tcp/ipv4/ipv4.o" -o "src/cyclone_tcp/ipv4/ipv4.o" "../src/cyclone_tcp/ipv4/ipv4.c"
'Finished building: ../src/cyclone_tcp/ipv4/ipv4.c'
' '
'Building file: ../src/cyclone_tcp/drivers/eth/enc624j600_driver.c'
'Invoking: MicroBlaze gcc compiler'
mb-gcc -Wall -Os -g -I"C:\Users\jbm\Desktop\S4e-APP6-Vivado_2019\APP6\APP6.sdk\APP6_2019\src\cyclone_tcp" -I"C:\Users\jbm\Desktop\S4e-APP6-Vivado_2019\APP6\APP6.sdk\APP6_2019\src\common" -c -fmessage-length=0 -MT"src/cyclone_tcp/drivers/eth/enc624j600_driver.o" -flto -I../../standalone_bsp_0/microblaze_0/include -mlittle-endian -mno-xl-soft-div -mcpu=v11.0 -mno-xl-soft-mul -mhard-float -mxl-float-convert -mxl-float-sqrt -ffunction-sections -fdata-sections -MMD -MP -MF"src/cyclone_tcp/drivers/eth/enc624j600_driver.d" -MT"src/cyclone_tcp/drivers/eth/enc624j600_driver.o" -o "src/cyclone_tcp/drivers/eth/enc624j600_driver.o" "../src/cyclone_tcp/drivers/eth/enc624j600_driver.c"
../src/cyclone_tcp/drivers/eth/enc624j600_driver.c: In function 'enc624j600UpdateMacConfig':
../src/cyclone_tcp/drivers/eth/enc624j600_driver.c:565:1: warning: control reaches end of non-void function [-Wreturn-type]
 }
 ^
'Finished building: ../src/cyclone_tcp/drivers/eth/enc624j600_driver.c'
' '
'Building file: ../src/cyclone_tcp/core/ethernet.c'
'Invoking: MicroBlaze gcc compiler'
mb-gcc -Wall -Os -g -I"C:\Users\jbm\Desktop\S4e-APP6-Vivado_2019\APP6\APP6.sdk\APP6_2019\src\cyclone_tcp" -I"C:\Users\jbm\Desktop\S4e-APP6-Vivado_2019\APP6\APP6.sdk\APP6_2019\src\common" -c -fmessage-length=0 -MT"src/cyclone_tcp/core/ethernet.o" -flto -I../../standalone_bsp_0/microblaze_0/include -mlittle-endian -mno-xl-soft-div -mcpu=v11.0 -mno-xl-soft-mul -mhard-float -mxl-float-convert -mxl-float-sqrt -ffunction-sections -fdata-sections -MMD -MP -MF"src/cyclone_tcp/core/ethernet.d" -MT"src/cyclone_tcp/core/ethernet.o" -o "src/cyclone_tcp/core/ethernet.o" "../src/cyclone_tcp/core/ethernet.c"
'Finished building: ../src/cyclone_tcp/core/ethernet.c'
' '
'Building file: ../src/cyclone_tcp/core/ip.c'
'Invoking: MicroBlaze gcc compiler'
[...]
'Finished building target: APP6_2019.elf'
' '
'Invoking: MicroBlaze Print Size'
mb-size APP6_2019.elf  |tee "APP6_2019.elf.size"
   text	   data	    bss	    dec	    hex	filename
 102632	   1872	  14056	 118560	  1cf20	APP6_2019.elf
'Finished building: APP6_2019.elf.size'
' '
14:00:56 **** Incremental Build of configuration Debug for project APP6_2019 ****
make all 
make: Nothing to be done for 'all'.
14:01:57 **** Auto Build of configuration Debug for project APP6_2019 ****
make all 
'Building file: ../src/cyclone_tcp/main.c'
'Invoking: MicroBlaze gcc compiler'
mb-gcc -Wall -Os -g -I"C:\Mini_Cruze_Max\S4e-APP6-Vivado_2019\APP6\APP6.sdk\APP6_2019\src\cyclone_tcp" -I"C:\Mini_Cruze_Max\S4e-APP6-Vivado_2019\APP6\APP6.sdk\APP6_2019\src\common" -c -fmessage-length=0 -MT"src/cyclone_tcp/main.o" -flto -I../../standalone_bsp_0/microblaze_0/include -mlittle-endian -mno-xl-soft-div -mcpu=v11.0 -mno-xl-soft-mul -mhard-float -mxl-float-convert -mxl-float-sqrt -ffunction-sections -fdata-sections -MMD -MP -MF"src/cyclone_tcp/main.d" -MT"src/cyclone_tcp/main.o" -o "src/cyclone_tcp/main.o" "../src/cyclone_tcp/main.c"
../src/cyclone_tcp/main.c: In function 'systemInit':
../src/cyclone_tcp/main.c:120:12: warning: variable 'error' set but not used [-Wunused-but-set-variable]
    error_t error;
            ^~~~~
../src/cyclone_tcp/main.c: In function 'SetupInterruptSystem':
../src/cyclone_tcp/main.c:202:6: warning: variable 'Status' set but not used [-Wunused-but-set-variable]
  int Status;
      ^~~~~~
../src/cyclone_tcp/main.c: In function 'uartInit':
../src/cyclone_tcp/main.c:262:6: warning: unused variable 'Index' [-Wunused-variable]
  int Index;
      ^~~~~
../src/cyclone_tcp/main.c:261:15: warning: unused variable 'SentCount' [-Wunused-variable]
  unsigned int SentCount;
               ^~~~~~~~~
../src/cyclone_tcp/main.c:260:6: warning: variable 'Status' set but not used [-Wunused-but-set-variable]
  int Status;
      ^~~~~~
../src/cyclone_tcp/main.c: In function 'main':
../src/cyclone_tcp/main.c:353:9: warning: unused variable 'c' [-Wunused-variable]
    char c;
         ^
'Finished building: ../src/cyclone_tcp/main.c'
' '
'Building target: APP6_2019.elf'
'Invoking: MicroBlaze gcc linker'
mb-gcc -Xlinker -Map=output.map -Xlinker -flto -Wl,-T -Wl,../src/lscript.ld -L../../standalone_bsp_0/microblaze_0/lib -mlittle-endian -mno-xl-soft-div -mcpu=v11.0 -mno-xl-soft-mul -mhard-float -mxl-float-convert -mxl-float-sqrt -Wl,--gc-sections -o "APP6_2019.elf"  ./src/cyclone_tcp/std_services/echo.o  ./src/cyclone_tcp/ipv4/arp.o ./src/cyclone_tcp/ipv4/ipv4.o  ./src/cyclone_tcp/drivers/eth/enc624j600_driver.o  ./src/cyclone_tcp/core/ethernet.o ./src/cyclone_tcp/core/ip.o ./src/cyclone_tcp/core/net.o ./src/cyclone_tcp/core/net_mem.o ./src/cyclone_tcp/core/nic.o ./src/cyclone_tcp/core/socket.o ./src/cyclone_tcp/core/udp.o  ./src/cyclone_tcp/ext_int_driver.o ./src/cyclone_tcp/main.o ./src/cyclone_tcp/spi_driver.o  ./src/common/cpu_endian.o ./src/common/date_time.o ./src/common/os_port_none.o   -Wl,--start-group,-lxil,-lgcc,-lc,--end-group
'Finished building target: APP6_2019.elf'
' '
'Invoking: MicroBlaze Print Size'
mb-size APP6_2019.elf  |tee "APP6_2019.elf.size"
   text	   data	    bss	    dec	    hex	filename
 102604	   1872	  14060	 118536	  1cf08	APP6_2019.elf
'Finished building: APP6_2019.elf.size'
' '
14:02:30 **** Auto Build of configuration Debug for project APP6_2019 ****
make all 
'Building file: ../src/cyclone_tcp/std_services/echo.c'
'Invoking: MicroBlaze gcc compiler'
mb-gcc -Wall -Os -g -I"C:\Mini_Cruze_Max\S4e-APP6-Vivado_2019\APP6\APP6.sdk\APP6_2019\src\cyclone_tcp" -I"C:\Mini_Cruze_Max\S4e-APP6-Vivado_2019\APP6\APP6.sdk\APP6_2019\src\common" -c -fmessage-length=0 -MT"src/cyclone_tcp/std_services/echo.o" -flto -I../../standalone_bsp_0/microblaze_0/include -mlittle-endian -mno-xl-soft-div -mcpu=v11.0 -mno-xl-soft-mul -mhard-float -mxl-float-convert -mxl-float-sqrt -ffunction-sections -fdata-sections -MMD -MP -MF"src/cyclone_tcp/std_services/echo.d" -MT"src/cyclone_tcp/std_services/echo.o" -o "src/cyclone_tcp/std_services/echo.o" "../src/cyclone_tcp/std_services/echo.c"
'Finished building: ../src/cyclone_tcp/std_services/echo.c'
' '
'Building target: APP6_2019.elf'
'Invoking: MicroBlaze gcc linker'
mb-gcc -Xlinker -Map=output.map -Xlinker -flto -Wl,-T -Wl,../src/lscript.ld -L../../standalone_bsp_0/microblaze_0/lib -mlittle-endian -mno-xl-soft-div -mcpu=v11.0 -mno-xl-soft-mul -mhard-float -mxl-float-convert -mxl-float-sqrt -Wl,--gc-sections -o "APP6_2019.elf"  ./src/cyclone_tcp/std_services/echo.o  ./src/cyclone_tcp/ipv4/arp.o ./src/cyclone_tcp/ipv4/ipv4.o  ./src/cyclone_tcp/drivers/eth/enc624j600_driver.o  ./src/cyclone_tcp/core/ethernet.o ./src/cyclone_tcp/core/ip.o ./src/cyclone_tcp/core/net.o ./src/cyclone_tcp/core/net_mem.o ./src/cyclone_tcp/core/nic.o ./src/cyclone_tcp/core/socket.o ./src/cyclone_tcp/core/udp.o  ./src/cyclone_tcp/ext_int_driver.o ./src/cyclone_tcp/main.o ./src/cyclone_tcp/spi_driver.o  ./src/common/cpu_endian.o ./src/common/date_time.o ./src/common/os_port_none.o   -Wl,--start-group,-lxil,-lgcc,-lc,--end-group
'Finished building target: APP6_2019.elf'
' '
'Invoking: MicroBlaze Print Size'
mb-size APP6_2019.elf  |tee "APP6_2019.elf.size"
   text	   data	    bss	    dec	    hex	filename
 102604	   1872	  14060	 118536	  1cf08	APP6_2019.elf
'Finished building: APP6_2019.elf.size'
' '
14:03:10 **** Auto Build of configuration Debug for project APP6_2019 ****
make all 
'Building file: ../src/cyclone_tcp/main.c'
'Invoking: MicroBlaze gcc compiler'
mb-gcc -Wall -Os -g -I"C:\Mini_Cruze_Max\S4e-APP6-Vivado_2019\APP6\APP6.sdk\APP6_2019\src\cyclone_tcp" -I"C:\Mini_Cruze_Max\S4e-APP6-Vivado_2019\APP6\APP6.sdk\APP6_2019\src\common" -c -fmessage-length=0 -MT"src/cyclone_tcp/main.o" -flto -I../../standalone_bsp_0/microblaze_0/include -mlittle-endian -mno-xl-soft-div -mcpu=v11.0 -mno-xl-soft-mul -mhard-float -mxl-float-convert -mxl-float-sqrt -ffunction-sections -fdata-sections -MMD -MP -MF"src/cyclone_tcp/main.d" -MT"src/cyclone_tcp/main.o" -o "src/cyclone_tcp/main.o" "../src/cyclone_tcp/main.c"
../src/cyclone_tcp/main.c: In function 'systemInit':
../src/cyclone_tcp/main.c:120:12: warning: variable 'error' set but not used [-Wunused-but-set-variable]
    error_t error;
            ^~~~~
../src/cyclone_tcp/main.c: In function 'SetupInterruptSystem':
../src/cyclone_tcp/main.c:202:6: warning: variable 'Status' set but not used [-Wunused-but-set-variable]
  int Status;
      ^~~~~~
../src/cyclone_tcp/main.c: In function 'uartInit':
../src/cyclone_tcp/main.c:262:6: warning: unused variable 'Index' [-Wunused-variable]
  int Index;
      ^~~~~
../src/cyclone_tcp/main.c:261:15: warning: unused variable 'SentCount' [-Wunused-variable]
  unsigned int SentCount;
               ^~~~~~~~~
../src/cyclone_tcp/main.c:260:6: warning: variable 'Status' set but not used [-Wunused-but-set-variable]
  int Status;
      ^~~~~~
../src/cyclone_tcp/main.c: In function 'task_vitesse':
../src/cyclone_tcp/main.c:308:36: error: called object 'vitesse' is not a function or function pointer
     buffer_com[1] = (unsigned char)vitesse(vitesse+48);
                                    ^~~~~~~
../src/cyclone_tcp/main.c:95:5: note: declared here
 int vitesse = 0;
     ^~~~~~~
../src/cyclone_tcp/main.c: In function 'main':
../src/cyclone_tcp/main.c:353:9: warning: unused variable 'c' [-Wunused-variable]
    char c;
         ^
make: *** [src/cyclone_tcp/subdir.mk:26: src/cyclone_tcp/main.o] Error 1
14:03:23 **** Auto Build of configuration Debug for project APP6_2019 ****
make all 
'Building file: ../src/cyclone_tcp/main.c'
'Invoking: MicroBlaze gcc compiler'
mb-gcc -Wall -Os -g -I"C:\Mini_Cruze_Max\S4e-APP6-Vivado_2019\APP6\APP6.sdk\APP6_2019\src\cyclone_tcp" -I"C:\Mini_Cruze_Max\S4e-APP6-Vivado_2019\APP6\APP6.sdk\APP6_2019\src\common" -c -fmessage-length=0 -MT"src/cyclone_tcp/main.o" -flto -I../../standalone_bsp_0/microblaze_0/include -mlittle-endian -mno-xl-soft-div -mcpu=v11.0 -mno-xl-soft-mul -mhard-float -mxl-float-convert -mxl-float-sqrt -ffunction-sections -fdata-sections -MMD -MP -MF"src/cyclone_tcp/main.d" -MT"src/cyclone_tcp/main.o" -o "src/cyclone_tcp/main.o" "../src/cyclone_tcp/main.c"
../src/cyclone_tcp/main.c: In function 'systemInit':
../src/cyclone_tcp/main.c:120:12: warning: variable 'error' set but not used [-Wunused-but-set-variable]
    error_t error;
            ^~~~~
../src/cyclone_tcp/main.c: In function 'SetupInterruptSystem':
../src/cyclone_tcp/main.c:202:6: warning: variable 'Status' set but not used [-Wunused-but-set-variable]
  int Status;
      ^~~~~~
../src/cyclone_tcp/main.c: In function 'uartInit':
../src/cyclone_tcp/main.c:262:6: warning: unused variable 'Index' [-Wunused-variable]
  int Index;
      ^~~~~
../src/cyclone_tcp/main.c:261:15: warning: unused variable 'SentCount' [-Wunused-variable]
  unsigned int SentCount;
               ^~~~~~~~~
../src/cyclone_tcp/main.c:260:6: warning: variable 'Status' set but not used [-Wunused-but-set-variable]
  int Status;
      ^~~~~~
../src/cyclone_tcp/main.c: In function 'main':
../src/cyclone_tcp/main.c:353:9: warning: unused variable 'c' [-Wunused-variable]
    char c;
         ^
'Finished building: ../src/cyclone_tcp/main.c'
' '
'Building target: APP6_2019.elf'
'Invoking: MicroBlaze gcc linker'
mb-gcc -Xlinker -Map=output.map -Xlinker -flto -Wl,-T -Wl,../src/lscript.ld -L../../standalone_bsp_0/microblaze_0/lib -mlittle-endian -mno-xl-soft-div -mcpu=v11.0 -mno-xl-soft-mul -mhard-float -mxl-float-convert -mxl-float-sqrt -Wl,--gc-sections -o "APP6_2019.elf"  ./src/cyclone_tcp/std_services/echo.o  ./src/cyclone_tcp/ipv4/arp.o ./src/cyclone_tcp/ipv4/ipv4.o  ./src/cyclone_tcp/drivers/eth/enc624j600_driver.o  ./src/cyclone_tcp/core/ethernet.o ./src/cyclone_tcp/core/ip.o ./src/cyclone_tcp/core/net.o ./src/cyclone_tcp/core/net_mem.o ./src/cyclone_tcp/core/nic.o ./src/cyclone_tcp/core/socket.o ./src/cyclone_tcp/core/udp.o  ./src/cyclone_tcp/ext_int_driver.o ./src/cyclone_tcp/main.o ./src/cyclone_tcp/spi_driver.o  ./src/common/cpu_endian.o ./src/common/date_time.o ./src/common/os_port_none.o   -Wl,--start-group,-lxil,-lgcc,-lc,--end-group
'Finished building target: APP6_2019.elf'
' '
'Invoking: MicroBlaze Print Size'
mb-size APP6_2019.elf  |tee "APP6_2019.elf.size"
   text	   data	    bss	    dec	    hex	filename
 102632	   1872	  14056	 118560	  1cf20	APP6_2019.elf
'Finished building: APP6_2019.elf.size'
' '
14:04:00 **** Auto Build of configuration Debug for project APP6_2019 ****
make all 
'Building file: ../src/cyclone_tcp/main.c'
'Invoking: MicroBlaze gcc compiler'
mb-gcc -Wall -Os -g -I"C:\Mini_Cruze_Max\S4e-APP6-Vivado_2019\APP6\APP6.sdk\APP6_2019\src\cyclone_tcp" -I"C:\Mini_Cruze_Max\S4e-APP6-Vivado_2019\APP6\APP6.sdk\APP6_2019\src\common" -c -fmessage-length=0 -MT"src/cyclone_tcp/main.o" -flto -I../../standalone_bsp_0/microblaze_0/include -mlittle-endian -mno-xl-soft-div -mcpu=v11.0 -mno-xl-soft-mul -mhard-float -mxl-float-convert -mxl-float-sqrt -ffunction-sections -fdata-sections -MMD -MP -MF"src/cyclone_tcp/main.d" -MT"src/cyclone_tcp/main.o" -o "src/cyclone_tcp/main.o" "../src/cyclone_tcp/main.c"
../src/cyclone_tcp/main.c: In function 'systemInit':
../src/cyclone_tcp/main.c:120:12: warning: variable 'error' set but not used [-Wunused-but-set-variable]
    error_t error;
            ^~~~~
../src/cyclone_tcp/main.c: In function 'SetupInterruptSystem':
../src/cyclone_tcp/main.c:202:6: warning: variable 'Status' set but not used [-Wunused-but-set-variable]
  int Status;
      ^~~~~~
../src/cyclone_tcp/main.c: In function 'uartInit':
../src/cyclone_tcp/main.c:262:6: warning: unused variable 'Index' [-Wunused-variable]
  int Index;
      ^~~~~
../src/cyclone_tcp/main.c:261:15: warning: unused variable 'SentCount' [-Wunused-variable]
  unsigned int SentCount;
               ^~~~~~~~~
../src/cyclone_tcp/main.c:260:6: warning: variable 'Status' set but not used [-Wunused-but-set-variable]
  int Status;
      ^~~~~~
../src/cyclone_tcp/main.c: In function 'main':
../src/cyclone_tcp/main.c:353:9: warning: unused variable 'c' [-Wunused-variable]
    char c;
         ^
'Finished building: ../src/cyclone_tcp/main.c'
' '
'Building target: APP6_2019.elf'
'Invoking: MicroBlaze gcc linker'
mb-gcc -Xlinker -Map=output.map -Xlinker -flto -Wl,-T -Wl,../src/lscript.ld -L../../standalone_bsp_0/microblaze_0/lib -mlittle-endian -mno-xl-soft-div -mcpu=v11.0 -mno-xl-soft-mul -mhard-float -mxl-float-convert -mxl-float-sqrt -Wl,--gc-sections -o "APP6_2019.elf"  ./src/cyclone_tcp/std_services/echo.o  ./src/cyclone_tcp/ipv4/arp.o ./src/cyclone_tcp/ipv4/ipv4.o  ./src/cyclone_tcp/drivers/eth/enc624j600_driver.o  ./src/cyclone_tcp/core/ethernet.o ./src/cyclone_tcp/core/ip.o ./src/cyclone_tcp/core/net.o ./src/cyclone_tcp/core/net_mem.o ./src/cyclone_tcp/core/nic.o ./src/cyclone_tcp/core/socket.o ./src/cyclone_tcp/core/udp.o  ./src/cyclone_tcp/ext_int_driver.o ./src/cyclone_tcp/main.o ./src/cyclone_tcp/spi_driver.o  ./src/common/cpu_endian.o ./src/common/date_time.o ./src/common/os_port_none.o   -Wl,--start-group,-lxil,-lgcc,-lc,--end-group
'Finished building target: APP6_2019.elf'
' '
'Invoking: MicroBlaze Print Size'
mb-size APP6_2019.elf  |tee "APP6_2019.elf.size"
   text	   data	    bss	    dec	    hex	filename
 102628	   1872	  14060	 118560	  1cf20	APP6_2019.elf
'Finished building: APP6_2019.elf.size'
' '
14:04:39 **** Auto Build of configuration Debug for project APP6_2019 ****
make all 
'Building file: ../src/cyclone_tcp/main.c'
'Invoking: MicroBlaze gcc compiler'
mb-gcc -Wall -Os -g -I"C:\Mini_Cruze_Max\S4e-APP6-Vivado_2019\APP6\APP6.sdk\APP6_2019\src\cyclone_tcp" -I"C:\Mini_Cruze_Max\S4e-APP6-Vivado_2019\APP6\APP6.sdk\APP6_2019\src\common" -c -fmessage-length=0 -MT"src/cyclone_tcp/main.o" -flto -I../../standalone_bsp_0/microblaze_0/include -mlittle-endian -mno-xl-soft-div -mcpu=v11.0 -mno-xl-soft-mul -mhard-float -mxl-float-convert -mxl-float-sqrt -ffunction-sections -fdata-sections -MMD -MP -MF"src/cyclone_tcp/main.d" -MT"src/cyclone_tcp/main.o" -o "src/cyclone_tcp/main.o" "../src/cyclone_tcp/main.c"
../src/cyclone_tcp/main.c: In function 'systemInit':
../src/cyclone_tcp/main.c:120:12: warning: variable 'error' set but not used [-Wunused-but-set-variable]
    error_t error;
            ^~~~~
../src/cyclone_tcp/main.c: In function 'SetupInterruptSystem':
../src/cyclone_tcp/main.c:202:6: warning: variable 'Status' set but not used [-Wunused-but-set-variable]
  int Status;
      ^~~~~~
../src/cyclone_tcp/main.c: In function 'uartInit':
../src/cyclone_tcp/main.c:262:6: warning: unused variable 'Index' [-Wunused-variable]
  int Index;
      ^~~~~
../src/cyclone_tcp/main.c:261:15: warning: unused variable 'SentCount' [-Wunused-variable]
  unsigned int SentCount;
               ^~~~~~~~~
../src/cyclone_tcp/main.c:260:6: warning: variable 'Status' set but not used [-Wunused-but-set-variable]
  int Status;
      ^~~~~~
../src/cyclone_tcp/main.c: In function 'main':
../src/cyclone_tcp/main.c:353:9: warning: unused variable 'c' [-Wunused-variable]
    char c;
         ^
'Finished building: ../src/cyclone_tcp/main.c'
' '
'Building target: APP6_2019.elf'
'Invoking: MicroBlaze gcc linker'
mb-gcc -Xlinker -Map=output.map -Xlinker -flto -Wl,-T -Wl,../src/lscript.ld -L../../standalone_bsp_0/microblaze_0/lib -mlittle-endian -mno-xl-soft-div -mcpu=v11.0 -mno-xl-soft-mul -mhard-float -mxl-float-convert -mxl-float-sqrt -Wl,--gc-sections -o "APP6_2019.elf"  ./src/cyclone_tcp/std_services/echo.o  ./src/cyclone_tcp/ipv4/arp.o ./src/cyclone_tcp/ipv4/ipv4.o  ./src/cyclone_tcp/drivers/eth/enc624j600_driver.o  ./src/cyclone_tcp/core/ethernet.o ./src/cyclone_tcp/core/ip.o ./src/cyclone_tcp/core/net.o ./src/cyclone_tcp/core/net_mem.o ./src/cyclone_tcp/core/nic.o ./src/cyclone_tcp/core/socket.o ./src/cyclone_tcp/core/udp.o  ./src/cyclone_tcp/ext_int_driver.o ./src/cyclone_tcp/main.o ./src/cyclone_tcp/spi_driver.o  ./src/common/cpu_endian.o ./src/common/date_time.o ./src/common/os_port_none.o   -Wl,--start-group,-lxil,-lgcc,-lc,--end-group
'Finished building target: APP6_2019.elf'
' '
'Invoking: MicroBlaze Print Size'
mb-size APP6_2019.elf  |tee "APP6_2019.elf.size"
   text	   data	    bss	    dec	    hex	filename
 102620	   1876	  14056	 118552	  1cf18	APP6_2019.elf
'Finished building: APP6_2019.elf.size'
' '
14:04:44 **** Incremental Build of configuration Debug for project APP6_2019 ****
make all 
make: Nothing to be done for 'all'.
17:03:11 **** Auto Build of configuration Debug for project APP6_2019 ****
make all 
'Building file: ../src/cyclone_tcp/main.c'
'Invoking: MicroBlaze gcc compiler'
mb-gcc -Wall -Os -g -I"C:\Mini_Cruze_Max\S4e-APP6-Vivado_2019\APP6\APP6.sdk\APP6_2019\src\cyclone_tcp" -I"C:\Mini_Cruze_Max\S4e-APP6-Vivado_2019\APP6\APP6.sdk\APP6_2019\src\common" -c -fmessage-length=0 -MT"src/cyclone_tcp/main.o" -flto -I../../standalone_bsp_0/microblaze_0/include -mlittle-endian -mno-xl-soft-div -mcpu=v11.0 -mno-xl-soft-mul -mhard-float -mxl-float-convert -mxl-float-sqrt -ffunction-sections -fdata-sections -MMD -MP -MF"src/cyclone_tcp/main.d" -MT"src/cyclone_tcp/main.o" -o "src/cyclone_tcp/main.o" "../src/cyclone_tcp/main.c"
../src/cyclone_tcp/main.c: In function 'systemInit':
../src/cyclone_tcp/main.c:120:12: warning: variable 'error' set but not used [-Wunused-but-set-variable]
    error_t error;
            ^~~~~
../src/cyclone_tcp/main.c: In function 'SetupInterruptSystem':
../src/cyclone_tcp/main.c:202:6: warning: variable 'Status' set but not used [-Wunused-but-set-variable]
  int Status;
      ^~~~~~
../src/cyclone_tcp/main.c: In function 'uartInit':
../src/cyclone_tcp/main.c:262:6: warning: unused variable 'Index' [-Wunused-variable]
  int Index;
      ^~~~~
../src/cyclone_tcp/main.c:261:15: warning: unused variable 'SentCount' [-Wunused-variable]
  unsigned int SentCount;
               ^~~~~~~~~
../src/cyclone_tcp/main.c:260:6: warning: variable 'Status' set but not used [-Wunused-but-set-variable]
  int Status;
      ^~~~~~
../src/cyclone_tcp/main.c: In function 'main':
../src/cyclone_tcp/main.c:353:9: warning: unused variable 'c' [-Wunused-variable]
    char c;
         ^
'Finished building: ../src/cyclone_tcp/main.c'
' '
'Building target: APP6_2019.elf'
'Invoking: MicroBlaze gcc linker'
mb-gcc -Xlinker -Map=output.map -Xlinker -flto -Wl,-T -Wl,../src/lscript.ld -L../../standalone_bsp_0/microblaze_0/lib -mlittle-endian -mno-xl-soft-div -mcpu=v11.0 -mno-xl-soft-mul -mhard-float -mxl-float-convert -mxl-float-sqrt -Wl,--gc-sections -o "APP6_2019.elf"  ./src/cyclone_tcp/std_services/echo.o  ./src/cyclone_tcp/ipv4/arp.o ./src/cyclone_tcp/ipv4/ipv4.o  ./src/cyclone_tcp/drivers/eth/enc624j600_driver.o  ./src/cyclone_tcp/core/ethernet.o ./src/cyclone_tcp/core/ip.o ./src/cyclone_tcp/core/net.o ./src/cyclone_tcp/core/net_mem.o ./src/cyclone_tcp/core/nic.o ./src/cyclone_tcp/core/socket.o ./src/cyclone_tcp/core/udp.o  ./src/cyclone_tcp/ext_int_driver.o ./src/cyclone_tcp/main.o ./src/cyclone_tcp/spi_driver.o  ./src/common/cpu_endian.o ./src/common/date_time.o ./src/common/os_port_none.o   -Wl,--start-group,-lxil,-lgcc,-lc,--end-group
'Finished building target: APP6_2019.elf'
' '
'Invoking: MicroBlaze Print Size'
mb-size APP6_2019.elf  |tee "APP6_2019.elf.size"
   text	   data	    bss	    dec	    hex	filename
 102620	   1876	  14056	 118552	  1cf18	APP6_2019.elf
'Finished building: APP6_2019.elf.size'
' '
